Archive member included because of file (symbol)

../../Compiler/SGL_302j/LIB_COFF/SEGA_SYS.A(sys_exit.o)
                              ../../jo_engine/core.o (SYS_Exit)
../../Compiler/SGL_302j/LIB_COFF/SEGA_SYS.A(sys_sub.o)
                              ../../Compiler/SGL_302j/LIB_COFF/SEGA_SYS.A(sys_exit.o) (SYSUB_SetStackptr)
../../Compiler/SGL_302j/LIB_COFF/LIBCD.A(CDC_DRV.O)
                              ../../jo_engine/audio.o (CDC_CdPlay)
../../Compiler/SGL_302j/LIB_COFF/LIBCD.A(CDC_CMN.O)
                              ../../Compiler/SGL_302j/LIB_COFF/SEGA_SYS.A(sys_exit.o) (CDC_GetCurStat)
../../Compiler/SGL_302j/LIB_COFF/LIBCD.A(GFS.O)
                              ../../jo_engine/fs.o (GFS_Init)
../../Compiler/SGL_302j/LIB_COFF/LIBCD.A(CDC_REG.O)
                              ../../Compiler/SGL_302j/LIB_COFF/SEGA_SYS.A(sys_exit.o) (CDC_GetHirqReq)
../../Compiler/SGL_302j/LIB_COFF/LIBCD.A(CDC_CFS.O)
                              ../../Compiler/SGL_302j/LIB_COFF/SEGA_SYS.A(sys_exit.o) (CDC_ChgDir)
../../Compiler/SGL_302j/LIB_COFF/LIBCD.A(CDC_SUB.O)
                              ../../Compiler/SGL_302j/LIB_COFF/LIBCD.A(CDC_CMN.O) (CDSUB_UpdStatus)
../../Compiler/SGL_302j/LIB_COFF/LIBCD.A(GFS_CDF.O)
                              ../../Compiler/SGL_302j/LIB_COFF/LIBCD.A(GFS.O) (GFCF_Init)
../../Compiler/SGL_302j/LIB_COFF/LIBCD.A(GFS_DIR.O)
                              ../../Compiler/SGL_302j/LIB_COFF/LIBCD.A(GFS.O) (GFDR_SetupDirTbl)
../../Compiler/SGL_302j/LIB_COFF/LIBCD.A(GFS_TRN.O)
                              ../../Compiler/SGL_302j/LIB_COFF/LIBCD.A(GFS.O) (GFTR_Setup)
../../Compiler/SGL_302j/LIB_COFF/LIBCD.A(GFS_BUF.O)
                              ../../Compiler/SGL_302j/LIB_COFF/LIBCD.A(GFS.O) (GFBF_GetNumData)
../../Compiler/SGL_302j/LIB_COFF/LIBCD.A(GFS_CDB.O)
                              ../../Compiler/SGL_302j/LIB_COFF/LIBCD.A(GFS_CDF.O) (GFCB_Setup)
../../Compiler/SGL_302j/LIB_COFF/LIBCD.A(GFS_CDC.O)
                              ../../Compiler/SGL_302j/LIB_COFF/LIBCD.A(GFS.O) (GFCD_SetCdbfs)
../../Compiler/SGL_302j/LIB_COFF/LIBCD.A(CDC_BIO.O)
                              ../../Compiler/SGL_302j/LIB_COFF/LIBCD.A(GFS_CDC.O) (CDC_SetSctLen)
../../Compiler/SGL_302j/LIB_COFF/LIBCD.A(CDC_SEL.O)
                              ../../Compiler/SGL_302j/LIB_COFF/LIBCD.A(GFS_CDC.O) (CDC_SetFiltRange)
../../Compiler/SGL_302j/LIB_COFF/LIBCD.A(CDC_BIF.O)
                              ../../Compiler/SGL_302j/LIB_COFF/LIBCD.A(GFS_CDC.O) (CDC_GetBufSiz)
../../Compiler/SGL_302j/LIB_COFF/LIBCD.A(CDC_DEV.O)
                              ../../Compiler/SGL_302j/LIB_COFF/LIBCD.A(GFS_CDC.O) (CDC_CdSetCon)
../../Compiler/SGL_302j/LIB_COFF/LIBSGL.A(sglH01.o)
                              asteroid.o (slGetLanguage)
../../Compiler/SGL_302j/LIB_COFF/LIBSGL.A(sglH00.o)
                              asteroid.o (slGetPortMode1)
../../Compiler/SGL_302j/LIB_COFF/LIBSGL.A(sglG01.o)
                              ../../jo_engine/audio.o (slSndVolume)
../../Compiler/SGL_302j/LIB_COFF/LIBSGL.A(sglG00.o)
                              ../../jo_engine/audio.o (slInitSound)
../../Compiler/SGL_302j/LIB_COFF/LIBSGL.A(sglG19.o)
                              ../../jo_engine/audio.o (slCDDAOn)
../../Compiler/SGL_302j/LIB_COFF/LIBSGL.A(sglG25.o)
                              ../../jo_engine/audio.o (slPCMStat)
../../Compiler/SGL_302j/LIB_COFF/LIBSGL.A(sglG21.o)
                              ../../jo_engine/audio.o (slPCMOn)
../../Compiler/SGL_302j/LIB_COFF/LIBSGL.A(sglG22.o)
                              ../../jo_engine/audio.o (slPCMOff)
../../Compiler/SGL_302j/LIB_COFF/LIBSGL.A(sglD00.o)
                              ../../jo_engine/mode7.o (slDMACopy)
../../Compiler/SGL_302j/LIB_COFF/LIBSGL.A(sglA15.o)
                              ../../jo_engine/core.o (slSlaveFunc)
../../Compiler/SGL_302j/LIB_COFF/LIBSGL.A(sglI01.o)
                              ../../jo_engine/core.o (slSynch)
../../Compiler/SGL_302j/LIB_COFF/LIBSGL.A(sglF00.o)
                              ../../jo_engine/core.o (slCurColor)
../../Compiler/SGL_302j/LIB_COFF/LIBSGL.A(sglIc0.o)
                              ../../jo_engine/core.o (slInitSystem)
../../Compiler/SGL_302j/LIB_COFF/LIBSGL.A(sglB001.o)
                              ../../jo_engine/core.o (slTVOn)
../../Compiler/SGL_302j/LIB_COFF/LIBSGL.A(sglB063.o)
                              ../../jo_engine/core.o (slPriority)
../../Compiler/SGL_302j/LIB_COFF/LIBSGL.A(sglB016.o)
                              ../../jo_engine/core.o (slBack1ColSet)
../../Compiler/SGL_302j/LIB_COFF/LIBSGL.A(sglB200.o)
                              ../../jo_engine/core.o (slCharNbg0)
../../Compiler/SGL_302j/LIB_COFF/LIBSGL.A(sglB056.o)
                              ../../jo_engine/core.o (slPlaneNbg1)
../../Compiler/SGL_302j/LIB_COFF/LIBSGL.A(sglB032.o)
                              ../../jo_engine/core.o (slMapNbg1)
[...]
Memory Configuration

Name             Origin             Length             Attributes
*default*        0x00000000         0xffffffff

Linker script and memory map

TARGET(coff-sh)

SLSTART         0x06004000       0x30
                0x06004000                ___Start = .
 *(SLSTART)
 SLSTART        0x06004000       0x28 ../../Compiler/SGL_302j/LIB_COFF/LIBSGL.A(sglI00.o)
                0x06004002                slStartSGL
                0x06004000                SGL_Start

.text           0x06004040    0x17cc0
 *(.text)
 .text          0x06004040       0x10 main.o
                0x06004040                jo_main
 .text          0x06004050     0x16a0 asteroid.o
                0x060042ee                Awake
                0x06004842                Debug
                0x06004438                Exec_Game
                0x06004b3c                Update
                0x060049a8                OnEndGame
                0x060040b8                SetBackground
                0x06005580                Frame
                0x0600549c                PowerAnimation
                0x06005434                BulletAnimation
                0x06004194                Collision
                0x06004a8c                OnWinner
                0x06004676                Splash
                0x060044d4                Start
                0x060040fc                Playfield
                0x0600421c                play_song
                0x06004050                Exec_Assembler_Hitachi_SH2_CPU
                0x060052d8                FireAnimation
                0x06004a10                OnGameOver
 .text          0x060056f0      0x760 ../../jo_engine/tga.o
                0x06005d04                jo_tga_loader_from_stream
                0x06005c34                jo_sprite_add_tga
                0x06005da4                jo_sprite_add_tga_from_stream
                0x06005b90                jo_tga_loader
                0x06005866                jo_sprite_add_tga_tileset
                0x0600572e                __jo_tga_load
 .text          0x06005e50      0x430 ../../jo_engine/audio.o
                0x06005eb4                jo_audio_init
                0x060060b8                jo_audio_usage_percent
                0x06006126                jo_audio_free_pcm
                0x06005e94                jo_audio_stop_cd
                0x06005f4e                jo_audio_play_sound_on_channel
                0x06006022                jo_audio_play_sound
                0x06006174                jo_audio_stop_sound
                0x0600621e                jo_audio_load_pcm
                0x06005e50                jo_audio_play_cd_track
                0x06005e88                jo_audio_set_volume
 .text          0x06006280      0x9c0 ../../jo_engine/fs.o
                0x06006b3c                jo_fs_seek_forward
                0x06006970                jo_fs_read_file
                0x060068fa                jo_fs_set_read_sector_count
                0x0600629e                jo_fs_init
                0x06006696                jo_fs_open
                0x0600647a                jo_fs_read_file_async
                0x06006888                jo_fs_close
                0x060067a4                jo_fs_read_next_bytes
                0x060065e4                jo_fs_cd
                0x06006324                jo_fs_do_background_jobs
                0x06006ac8                jo_fs_read_file_in_dir
 .text          0x06006c40      0x3f0 ../../jo_engine/mode7.o
                0x06006c98                jo_do_mode7_floor
                0x06006f26                jo_init_mode7_for_image_output
                0x06006c40                jo_update_screen_output_coord_for_mode7
                0x06006fd0                jo_init_mode7_for_screen_output
                0x06006c68                jo_free_mode7
 .text          0x06007030      0x520 ../../jo_engine/font.o
                0x060072ec                jo_font_print_centered
                0x0600743a                jo_font_print
                0x060070a6                jo_font_load
 .text          0x06007550       0x50 ../../jo_engine/input.o
                0x06007550                jo_get_input_type
 .text          0x060075a0      0xa30 ../../jo_engine/core.o
                0x060075c4                jo_core_wait_for_slave
                0x060076fe                jo_core_suspend
                0x06007bfa                jo_core_add_callback
                0x060075e4                jo_core_exec_on_slave
                0x06007ef8                jo_core_run
                0x06007ad2                jo_core_remove_slave_callback
                0x06007a54                jo_dump_vdp1_registers
                0x060075f8                jo_goto_boot_menu
                0x06007b42                jo_core_add_slave_callback
                0x0600786a                __jo_core_error
                0x06007ba4                jo_core_remove_callback
                0x060079e0                jo_dump_vdp2_registers
                0x06007c96                jo_core_init
                0x06007604                main
 .text          0x06007fd0      0x3c0 ../../jo_engine/math.o
                0x06007fd0                jo_random
                0x060082cc                jo_planar_rotate
                0x06008204                jo_sqrt
                0x06008270                jo_gcd
                0x06008044                jo_atan2f_rad
 .text          0x06008390      0x400 ../../jo_engine/malloc.o
                0x0600870c                jo_memory_fragmentation
                0x060085dc                jo_memory_usage_percent
                0x06008390                jo_add_memory_zone
                0x06008548                jo_free
                0x06008424                jo_malloc_with_behaviour
 .text          0x06008790      0x450 ../../jo_engine/tools.o
                0x06008b4c                jo_endwith
                0x060089f0                jo_getdate
                0x0600883a                jo_clear_screen
                0x060088f2                jo_strlen
                0x060087f8                jo_get_current_language
                0x06008886                jo_tools_atoi
                0x060087a8                jo_print
                0x0600893c                jo_memset
                0x06008990                jo_map_to_vram
 .text          0x06008be0      0x8a0 ../../jo_engine/sprites.o
                0x06009068                jo_sprite_usage_percent
                0x060092be                jo_sprite_add_8bits_image
                0x06009372                jo_sprite_draw
                0x06008be0                jo_get_last_sprite_id
                0x06008c68                jo_sprite_init
                0x06008cb2                jo_sprite_name2id
                0x06008d82                jo_sprite_draw_rotate
                0x06008f64                jo_sprite_replace
                0x06008d24                jo_set_gouraud_shading_colors
                0x06008bec                jo_sprite_free_from
                0x06008d4c                jo_set_gouraud_shading_brightness
                0x0600931a                jo_sprite_add
 .text          0x06009480      0x8e0 ../../jo_engine/map.o
                0x06009b38                jo_map_per_pixel_vertical_collision
                0x06009c80                jo_map_draw
                0x0600949e                jo_map_create
                0x060095ec                jo_map_add_tile
                0x06009610                jo_map_add_animated_tile
                0x0600983a                jo_map_load_from_file
                0x060096c0                jo_map_free
                0x060096d8                jo_map_move_tiles_by_attribute
                0x06009748                jo_map_hitbox_detection_custom_boundaries
                0x06009634                jo_map_draw_background
 .text          0x06009d60       0xf0 ../../jo_engine/list.o
                0x06009d60                jo_list_remove
                0x06009da4                jo_list_init
                0x06009dce                jo_list_add
 .text          0x06009e50      0x280 ../../jo_engine/sprite_animator.o
                0x0600a0a8                jo_clear_all_sprite_anim
                0x06009fec                jo_create_sprite_anim
                0x06009f0e                jo_replace_sprite_anim
 .text          0x0600a0d0      0x800 ../../jo_engine/image.o
                0x0600a0e8                jo_free_img
                0x0600a792                jo_sprite_add_image_pack
                0x0600a1b2                __jo_bin_load
                0x0600a142                jo_replace_color
                0x0600a540                jo_sprite_add_bin_from_stream
                0x0600a41e                jo_bin_loader_from_stream
                0x0600a266                jo_sprite_add_bin_tileset
                0x0600a5e0                jo_bin_loader
                0x0600a672                jo_sprite_add_bin
 .text          0x0600a8d0      0x170 ../../jo_engine/background.o
                0x0600a9f0                jo_clear_background
                0x0600a960                jo_set_background_sprite
                0x0600a8d0                jo_draw_background_line
 .text          0x0600aa40      0x120 ../../jo_engine/time.o
                0x0600ab2c                jo_time_init
                0x0600aa40                jo_get_ticks
 .text          0x0600ab60      0x238 ../../Compiler/SGL_302j/LIB_COFF/SEGA_SYS.A(sys_exit.o)
                0x0600ab80                SYS_Exit
                0x0600ab60                sys_version
 *fill*         0x0600ad98        0x8 00
 .text          0x0600ada0        0x6 ../../Compiler/SGL_302j/LIB_COFF/SEGA_SYS.A(sys_sub.o)
                0x0600ada0                SYSUB_SetStackptr
 *fill*         0x0600ada6        0xa 00
 .text          0x0600adb0      0x130 ../../Compiler/SGL_302j/LIB_COFF/LIBCD.A(CDC_DRV.O)
                0x0600adb0                CDC_CdPlay
                0x0600ae7c                CDC_CdSeek
                0x0600aeb0                CDC_CdScan
 .text          0x0600aee0      0x3a0 ../../Compiler/SGL_302j/LIB_COFF/LIBCD.A(CDC_CMN.O)
                0x0600b084                CDC_TgetToc
                0x0600b228                CDC_DataEnd
                0x0600af48                CDC_GetPeriStat
                0x0600b1bc                CDC_DataReady
                0x0600b194                CDC_CdOpen
                0x0600b110                CDC_CdInit
                0x0600b0d4                CDC_GetSes
                0x0600af30                CDC_GetLastStat
                0x0600aee0                CDC_GetCurStat
                0x0600b01c                CDC_GetHwInfo
 .text          0x0600b280     0x1adc ../../Compiler/SGL_302j/LIB_COFF/LIBCD.A(GFS.O)
                0x0600b280                gfs_version
                0x0600c4f0                gfs_mngGetNumFile
                0x0600cc4c                gfs_closeSub
                0x0600c00c                GFS_SetGmode
                0x0600c2c8                GFS_SetErrFunc
                0x0600c418                gfs_mngSetupFuncTbl
                0x0600b5d8                GFS_Reset
                0x0600c340                gfs_chgRoot
                0x0600c40c                gfs_aborttrans
                0x0600c6f0                gfs_svrAddHndl
                0x0600c5a0                gfs_mngFreeGrp
                0x0600c318                GFS_ConvTno
                0x0600c8a4                gfs_getRootDir
                0x0600c2f4                GFS_GetErrStat
                0x0600b748                GFS_Seek
                0x0600bdb8                GFS_NwStop
                0x0600c5ac                gfs_mngTermAccess
                0x0600b65c                GFS_Open
                0x0600c558                GFS_mngAllocGrp
                0x0600cc94                gfs_isTaskDone
                0x0600bab8                GFS_Fread
                0x0600c210                GFS_StartTrans
                0x0600cc0c                gfs_GetFinfo
                0x0600c44c                gfs_mngInitWork
                0x0600b8a0                GFS_ByteToSct
                0x0600c6b0                gfs_svrSearchHndl
                0x0600c9a0                gfs_loadRootDir
                0x0600b4fc                GFS_IdToName
                0x0600bbfc                GFS_NwFread
                0x0600c140                GFS_SetTransPara
                0x0600bd08                GFS_NwCdRead
                0x0600c7e0                gfs_loadVol
                0x0600c0dc                GFS_SetReadPara
                0x0600b7fc                GFS_Tell
                0x0600c070                GFS_SetTmode
                0x0600cb74                GFS_GetFad
                0x0600c1ac                GFS_SetTrFunc
                0x0600c25c                GFS_CdMovePickup
                0x0600b498                GFS_NameToId
                0x0600bed0                GFS_NwExecOne
                0x0600ca28                gfs_flowIn
                0x0600b958                GFS_GetFileInfo
                0x0600cad0                gfs_transData
                0x0600c72c                gfs_svrRemoveHndl
                0x0600bd80                GFS_NwIsComplete
                0x0600cc88                gfs_getGmode
                0x0600be24                GFS_NwGetStat
                0x0600c788                GFS_OpenSub
                0x0600b430                GFS_SetDir
                0x0600b8fc                GFS_GetFileSize
                0x0600b9cc                GFS_GetNumCdbuf
                0x0600cce8                gfs_convFinStat
                0x0600b9f4                GFS_Load
                0x0600bb54                gfs_waitRead
                0x0600b388                GFS_LoadDir
                0x0600b568                GFS_GetDirInfo
                0x0600b710                GFS_Close
                0x0600b2a0                GFS_Init
                0x0600bea0                gfs_recovRdErr
                0x0600c630                gfs_mngSetErrCode
                0x0600bf90                GFS_NwExecServer
                0x0600b84c                GFS_IsEof
                0x0600cbcc                gfs_SetSct
 *fill*         0x0600cd5c        0x4 00
 .text          0x0600cd60      0x2dc ../../Compiler/SGL_302j/LIB_COFF/LIBCD.A(CDC_REG.O)
                0x0600cdb4                CDREG_ClrHirqReq
                0x0600cd84                CDC_ClrHirqReq
                0x0600ce34                CDREG_TgetData
                0x0600ce24                CDC_GetMpegPtr
                0x0600ce00                CDC_GetHirqMsk
                0x0600cd60                CDC_GetDataPtr
                0x0600cd70                CDC_GetHirqReq
                0x0600cf90                CDREG_WaitHirq
                0x0600ce14                CDC_SetHirqMsk
                0x0600ce90                CDREG_CmdRsp
                0x0600cdc4                CDREG_InitHirqReq
                0x0600cdec                CDREG_SetHirqFlag
                0x0600d000                CDREG_ReadRsp
 *fill*         0x0600d03c        0x4 00
 .text          0x0600d040      0x194 ../../Compiler/SGL_302j/LIB_COFF/LIBCD.A(CDC_CFS.O)
                0x0600d040                CDC_ChgDir
                0x0600d074                CDC_ReadDir
                0x0600d198                CDC_AbortFile
                0x0600d0a8                CDC_GetFileScope
                0x0600d108                CDC_TgetFileInfo
                0x0600d164                CDC_ReadFile
 *fill*         0x0600d1d4        0xc 00
 .text          0x0600d1e0      0x152 ../../Compiler/SGL_302j/LIB_COFF/LIBCD.A(CDC_SUB.O)
                0x0600d288                CDSUB_GetCdstat
                0x0600d1f8                CDSUB_UpdCdstat
                0x0600d2c8                CDSUB_RspToCdstat
                0x0600d310                CDSUB_SoftTimer
                0x0600d1e0                CDSUB_UpdStatus
                0x0600d218                CDSUB_CdCmd
 *fill*         0x0600d332        0xe 00
 .text          0x0600d340      0x8d8 ../../Compiler/SGL_302j/LIB_COFF/LIBCD.A(GFS_CDF.O)
                0x0600d834                GFCF_Seek
                0x0600d93c                GFCF_GetStat
                0x0600d81c                GFCF_Tell
                0x0600d3e0                GFCF_Setup
                0x0600d8e8                GFCF_cnvIntlvOfs
                0x0600d340                GFCF_Init
                0x0600d7d4                GFCF_Recover
                0x0600d528                GFCF_SetSct
                0x0600d84c                GFCF_MovePickup
                0x0600da10                gfcf_isCdOk
                0x0600d5e0                GFCF_FlowInBuf
                0x0600d56c                GFCF_GetFileInfo
                0x0600d734                GFCF_StopInBuf
                0x0600d9d4                gfcf_getSctSize
                0x0600dad0                gfcf_getPlayRange
 *fill*         0x0600dc18        0x8 00
 .text          0x0600dc20      0x92c ../../Compiler/SGL_302j/LIB_COFF/LIBCD.A(GFS_DIR.O)
                0x0600e110                gfdr_setNextRec
                0x0600e510                gfdr_setDirrecCd
                0x0600df08                gfdr_open
                0x0600dd1c                GFDR_GetAtrDirId
                0x0600dff0                gfdr_readByte
                0x0600dc20                GFDR_SetupDirTbl
                0x0600e0e8                gfdr_readLongNM
                0x0600e194                gfdr_readDirEnt
                0x0600dd4c                GFDR_ChgRoot
                0x0600dc94                GFDR_NameToId
                0x0600ddd8                gfdr_setupDirIdTbl
                0x0600dd34                GFDR_GetAtrDirName
                0x0600dcf4                GFDR_GetInfoDirId
                0x0600e09c                gfdr_readLongNB
                0x0600df30                gfdr_read
                0x0600e01c                gfdr_readWord
                0x0600de5c                gfdr_setupDirNameTbl
                0x0600dd08                GFDR_GetInfoDirName
                0x0600dd64                GFDR_ChgDir
                0x0600e048                gfdr_readWordNB
 *fill*         0x0600e54c        0x4 00
 .text          0x0600e550      0x9c6 ../../Compiler/SGL_302j/LIB_COFF/LIBCD.A(GFS_TRN.O)
                0x0600e630                GFTR_SetTransMax
                0x0600ea00                gftr_execScu
                0x0600ef04                GFTR_SetTransFunc
                0x0600edcc                gftr_remTrn
                0x0600eef0                GFTR_SetData
                0x0600ebf0                gftr_execSdma1
                0x0600ee40                gftr_copyFrac
                0x0600e624                GFTR_GetNumTrans
                0x0600e5c4                GFTR_SetMode
                0x0600ebc0                gftr_remDma0
                0x0600ee68                GFTR_GetLenData
                0x0600e9f4                gftr_reqScu
                0x0600ebd8                gftr_reqDma1
                0x0600e910                gftr_getSrcPack
                0x0600eec0                GFTR_RtnDstPk
                0x0600eadc                gfdma_exec
                0x0600ecf4                gftr_execTrn
                0x0600e808                GFTR_ExecSvr
                0x0600ec84                gftr_reqTrn
                0x0600eb4c                gfdma_getBytecnt
                0x0600ec2c                gftr_reqCpu
                0x0600ee8c                GFTR_GetDstPack
                0x0600eb84                gftr_reqDma0
                0x0600e790                GFTR_Idle
                0x0600e648                GFTR_Pause
                0x0600e618                GFTR_GetTransPara
                0x0600ec78                gftr_remCpu
                0x0600e5e4                GFTR_SetTransPara
                0x0600ec14                gftr_remDma1
                0x0600e654                GFTR_Stop
                0x0600eb9c                gftr_execSdma0
                0x0600e580                GFTR_Setup
                0x0600ea9c                gftr_remScu
                0x0600e998                gftr_getDstPack
                0x0600ead0                gfdma_canUse
                0x0600e70c                GFTR_Exec
                0x0600eedc                GFTR_GetData
                0x0600e63c                GFTR_Start
                0x0600e5d8                GFTR_SetUnit
                0x0600ec38                gftr_execCpu
                0x0600ee74                GFTR_GetLenRoom
 *fill*         0x0600ef16        0xa 00
 .text          0x0600ef20      0x106 ../../Compiler/SGL_302j/LIB_COFF/LIBCD.A(GFS_BUF.O)
                0x0600ef78                GFBF_GetNumData
                0x0600eff4                GFBF_RtnPk
                0x0600efa8                GFBF_GetSrcPk
                0x0600f01c                gfbf_getSctDt
                0x0600ef50                GFBF_GetTranData
                0x0600efd0                GFBF_GetSctData
 *fill*         0x0600f026        0xa 00
 .text          0x0600f030      0x600 ../../Compiler/SGL_302j/LIB_COFF/LIBCD.A(GFS_CDB.O)
                0x0600f5d8                GFCB_GetPickup
                0x0600f150                GFCB_Close
                0x0600f41c                GFCB_GetSrcPack
                0x0600f5a4                GFCB_SetCon
                0x0600f224                GFCB_GetLenRoom
                0x0600f588                GFCB_MovePickup
                0x0600f4fc                GFCB_GetSctData
                0x0600f230                GFCB_SetFilt
                0x0600f178                GFCB_GetLenData
                0x0600f618                GFCB_UngetPickup
                0x0600f030                GFCB_Setup
                0x0600f2c0                GFCB_Tell
                0x0600f600                GFCB_IsPuOwner
                0x0600f320                GFCB_Seek
                0x0600f298                GFCB_DeleteAllData
                0x0600f534                GFCB_GetDstPack
                0x0600f2d0                gfcb_getSctNum
                0x0600f540                GFCB_RtnPk
 .text          0x0600f630     0x1a10 ../../Compiler/SGL_302j/LIB_COFF/LIBCD.A(GFS_CDC.O)
                0x0600f8cc                GFCD_AllocBuf
                0x060106b4                gfcd_doGetLenDataTsk
                0x06010f50                GFCD_SetCsctFunc
                0x0600f9a4                GFCD_GetBaseFad
                0x0600fb20                GFCD_GetFilt
                0x06010b40                gfcd_doChgDirTsk
                0x06010e80                gfcd_checkEflag
                0x0600fe68                GFCD_MovePickup
                0x0600ff4c                GFCD_GetSctInfo
                0x06010808                gfcd_doReqDataTsk
                0x0600ff94                GFCD_ChgDir
                0x0600fc88                GFCD_ReqData
                0x06010f6c                GFCD_ChkScdqFlag
                0x06010424                GFCD_WaitServer
                0x0600fd2c                GFCD_DelSctData
                0x06010204                GFCD_ExecServer
                0x06010624                gfcd_doSetConTsk
                0x0600f860                GFCD_AllocFilt
                0x0600fa5c                GFCD_SetFilt
                0x06010460                gfcd_doSetFiltTsk
                0x06010f90                GFCD_ClrScdqFlag
                0x060108a8                gfcd_doDelSctDataTsk
                0x06010364                gfcd_doTask
                0x0600f9d8                GFCD_GetPickup
                0x0600ff28                GFCD_CheckMove
                0x06010fac                GFCD_WaitScdqFlag
                0x0600fbc0                GFCD_Play
                0x060109dc                gfcd_doMoveSctTsk
                0x0600fb68                GFCD_SetCon
                0x06010008                GFCD_SetFiltCon
                0x06010ff0                GFCD_WaitPause
                0x060101cc                GFCD_GetBufSiz
                0x0600fa0c                GFCD_UngetPickup
                0x060100f0                GFCD_GetFileInfo
                0x0600fce4                GFCD_EndData
                0x0600f900                GFCD_FreeBuf
                0x0600fc20                GFCD_GetLenData
                0x0600f89c                GFCD_FreeFilt
                0x060102d8                gfcd_isIdleTask
                0x0600f65c                GFCD_Init
                0x06010d3c                gfcd_doSetFiltConTsk
                0x0600fdb4                GFCD_GetStat
                0x0600feb4                GFCD_MoveSctData
                0x0600fa38                GFCD_IsPuOwner
                0x06010ea4                gfcd_initCdbMng
                0x0600f630                GFCD_SetCdbfs
                0x06010410                GFCD_SetTimer
                0x06010f24                gfcd_setStat
                0x0600fd84                GFCD_CheckDelSctData
 .text          0x06011040      0x1e4 ../../Compiler/SGL_302j/LIB_COFF/LIBCD.A(CDC_BIO.O)
                0x060110ec                CDC_GetdelSctData
                0x06011074                CDC_GetSctData
                0x06011128                CDC_PutSctData
                0x060111a4                CDC_MoveSctData
                0x060111e8                CDC_GetCopyErr
                0x060110b0                CDC_DelSctData
                0x06011040                CDC_SetSctLen
                0x06011160                CDC_CopySctData
 *fill*         0x06011224        0xc 00
 .text          0x06011230      0x2b8 ../../Compiler/SGL_302j/LIB_COFF/LIBCD.A(CDC_SEL.O)
                0x06011460                CDC_GetFiltCon
                0x060113dc                CDC_GetFiltMode
                0x060114b4                CDC_ResetSelector
                0x06011230                CDC_SetFiltRange
                0x060112bc                CDC_SetFiltSubh
                0x0601132c                CDC_GetFiltSubh
                0x06011264                CDC_GetFiltRange
                0x060113a8                CDC_SetFiltMode
                0x06011420                CDC_SetFiltCon
 *fill*         0x060114e8        0x8 00
 .text          0x060114f0      0x270 ../../Compiler/SGL_302j/LIB_COFF/LIBCD.A(CDC_BIF.O)
                0x0601154c                CDC_GetSctNum
                0x060116cc                CDC_ExeFadSearch
                0x0601164c                CDC_GetSctInfo
                0x06011590                CDC_CalActSiz
                0x060114f0                CDC_GetBufSiz
                0x060115cc                CDC_GetActSiz
                0x06011704                CDC_GetFadSearch
 .text          0x06011760       0xa8 ../../Compiler/SGL_302j/LIB_COFF/LIBCD.A(CDC_DEV.O)
                0x060117cc                CDC_CdGetLastBuf
                0x06011760                CDC_CdSetCon
                0x06011790                CDC_CdGetCon
 *fill*         0x06011808        0x8 00
 .text          0x06011810      0x128 ../../Compiler/SGL_302j/LIB_COFF/LIBSGL.A(sglIc0.o)
                0x06011810                slInitSystem
 *fill*         0x06011938        0x8 00
 .text          0x06011940       0x60 c:/saturn_sdk/compiler/sh_coff/sh-coff/bin/../lib/gcc/sh-coff/4.0-GNUSH_v0601\libgcc.a(_ashiftrt.o)
                0x0601194c                __ashiftrt_r4_27
                0x06011980                __ashiftrt_r4_6
                0x06011970                __ashiftrt_r4_14
                0x06011962                __ashiftrt_r4_19
                0x0601197a                __ashiftrt_r4_9
                0x0601198e                __ashiftrt_r4_0
                0x06011940                __ashiftrt_r4_31
                0x0601194e                __ashiftrt_r4_26
                0x0601195c                __ashiftrt_r4_22
                0x06011968                __ashiftrt_r4_16
                0x06011974                __ashiftrt_r4_12
                0x06011948                __ashiftrt_r4_29
                0x06011966                __ashiftrt_r4_17
                0x06011946                __ashiftrt_r4_30
                0x06011982                __ashiftrt_r4_5
                0x0601197c                __ashiftrt_r4_8
                0x06011940                __ashiftrt_r4_32
                0x06011950                __ashiftrt_r4_25
                0x06011988                __ashiftrt_r4_2
                0x06011952                __ashiftrt_r4_24
                0x0601196e                __ashiftrt_r4_15
                0x06011978                __ashiftrt_r4_10
                0x0601198a                __ashiftrt_r4_1
                0x0601194a                __ashiftrt_r4_28
                0x06011960                __ashiftrt_r4_20
                0x0601197e                __ashiftrt_r4_7
                0x06011972                __ashiftrt_r4_13
                0x06011976                __ashiftrt_r4_11
                0x06011984                __ashiftrt_r4_4
                0x0601195a                __ashiftrt_r4_23
                0x06011964                __ashiftrt_r4_18
                0x0601195e                __ashiftrt_r4_21
                0x06011986                __ashiftrt_r4_3
 .text          0x060119a0       0x90 c:/saturn_sdk/compiler/sh_coff/sh-coff/bin/../lib/gcc/sh-coff/4.0-GNUSH_v0601\libgcc.a(_si_to_sf.o)
                0x060119a0                __floatsisf
 .text          0x06011a30      0x170 c:/saturn_sdk/compiler/sh_coff/sh-coff/bin/../lib/gcc/sh-coff/4.0-GNUSH_v0601\libgcc.a(_mul_sf.o)
                0x06011a30                __mulsf3
 .text          0x06011ba0       0xa0 c:/saturn_sdk/compiler/sh_coff/sh-coff/bin/../lib/gcc/sh-coff/4.0-GNUSH_v0601\libgcc.a(_sf_to_si.o)
                0x06011ba0                __fixsfsi
 .text          0x06011c40       0x70 c:/saturn_sdk/compiler/sh_coff/sh-coff/bin/../lib/gcc/sh-coff/4.0-GNUSH_v0601\libgcc.a(_udivsi3.o)
                0x06011c62                __udivsi3
 .text          0x06011cb0       0xa0 c:/saturn_sdk/compiler/sh_coff/sh-coff/bin/../lib/gcc/sh-coff/4.0-GNUSH_v0601\libgcc.a(_sdivsi3.o)
                0x06011cb0                __sdivsi3
 .text          0x06011d50       0xa0 c:/saturn_sdk/compiler/sh_coff/sh-coff/bin/../lib/gcc/sh-coff/4.0-GNUSH_v0601\libgcc.a(__main.o)
                0x06011dc4                __main
                0x06011d50                __do_global_dtors
                0x06011d84                __do_global_ctors
 .text          0x06011df0       0x70 c:/saturn_sdk/compiler/sh_coff/sh-coff/bin/../lib/gcc/sh-coff/4.0-GNUSH_v0601\libgcc.a(_le_sf.o)
                0x06011df0                __lesf2
 .text          0x06011e60       0x70 c:/saturn_sdk/compiler/sh_coff/sh-coff/bin/../lib/gcc/sh-coff/4.0-GNUSH_v0601\libgcc.a(_ge_sf.o)
                0x06011e60                __gesf2
 .text          0x06011ed0       0x70 c:/saturn_sdk/compiler/sh_coff/sh-coff/bin/../lib/gcc/sh-coff/4.0-GNUSH_v0601\libgcc.a(_gt_sf.o)
                0x06011ed0                __gtsf2
 .text          0x06011f40      0x120 c:/saturn_sdk/compiler/sh_coff/sh-coff/bin/../lib/gcc/sh-coff/4.0-GNUSH_v0601\libgcc.a(_div_sf.o)
                0x06011f40                __divsf3
 .text          0x06012060       0x70 c:/saturn_sdk/compiler/sh_coff/sh-coff/bin/../lib/gcc/sh-coff/4.0-GNUSH_v0601\libgcc.a(_lt_sf.o)
                0x06012060                __ltsf2
 .text          0x060120d0      0x250 c:/saturn_sdk/compiler/sh_coff/sh-coff/bin/../lib/gcc/sh-coff/4.0-GNUSH_v0601\libgcc.a(_addsub_sf.o)
                0x06012264                __subsf3
                0x060122c4                __addsf3
 .text          0x06012320      0x100 c:/saturn_sdk/compiler/sh_coff/sh-coff/bin/../lib/gcc/sh-coff/4.0-GNUSH_v0601\libgcc.a(_sf_to_df.o)
                0x06012320                __extendsfdf2
 .text          0x06012420       0x70 c:/saturn_sdk/compiler/sh_coff/sh-coff/bin/../lib/gcc/sh-coff/4.0-GNUSH_v0601\libgcc.a(_df_to_sf.o)
                0x06012420                __truncdfsf2
 .text          0x06012490      0x350 c:/saturn_sdk/compiler/sh_coff/sh-coff/bin/../lib/gcc/sh-coff/4.0-GNUSH_v0601\libgcc.a(_addsub_df.o)
                0x0601271c                __subdf3
                0x06012780                __adddf3
 .text          0x060127e0       0x90 c:/saturn_sdk/compiler/sh_coff/sh-coff/bin/../lib/gcc/sh-coff/4.0-GNUSH_v0601\libgcc.a(_lshiftrt.o)
                0x060127e0                __lshrsi3
 .text          0x06012870       0xb0 c:/saturn_sdk/compiler/sh_coff/sh-coff/bin/../lib/gcc/sh-coff/4.0-GNUSH_v0601\libgcc.a(_si_to_df.o)
                0x06012870                __floatsidf
 .text          0x06012920      0x3b0 c:/saturn_sdk/compiler/sh_coff/sh-coff/bin/../lib/gcc/sh-coff/4.0-GNUSH_v0601\libgcc.a(_mul_df.o)
                0x06012930                __muldf3
 .text          0x06012cd0      0x1b0 c:/saturn_sdk/compiler/sh_coff/sh-coff/bin/../lib/gcc/sh-coff/4.0-GNUSH_v0601\libgcc.a(_div_df.o)
                0x06012cd8                __divdf3
 .text          0x06012e80      0x100 c:/saturn_sdk/compiler/sh_coff/sh-coff/bin/../lib/gcc/sh-coff/4.0-GNUSH_v0601\libgcc.a(_df_to_si.o)
                0x06012e80                __fixdfsi
 .text          0x06012f80       0x90 c:/saturn_sdk/compiler/sh_coff/sh-coff/bin/../lib/gcc/sh-coff/4.0-GNUSH_v0601\libgcc.a(_ashiftrt_n.o)
                0x06012f80                __ashrsi3
 .text          0x06013010       0x90 c:/saturn_sdk/compiler/sh_coff/sh-coff/bin/../lib/gcc/sh-coff/4.0-GNUSH_v0601\libgcc.a(_ashiftlt.o)
                0x06013010                __ashlsi3
 .text          0x060130a0      0x1c0 c:/saturn_sdk/compiler/sh_coff/sh-coff/bin/../lib/gcc/sh-coff/4.0-GNUSH_v0601\libgcc.a(_pack_sf.o)
                0x060130a0                __pack_f
 .text          0x06013260       0xc0 c:/saturn_sdk/compiler/sh_coff/sh-coff/bin/../lib/gcc/sh-coff/4.0-GNUSH_v0601\libgcc.a(_unpack_sf.o)
                0x06013260                __unpack_f
 .text          0x06013320       0xd0 c:/saturn_sdk/compiler/sh_coff/sh-coff/bin/../lib/gcc/sh-coff/4.0-GNUSH_v0601\libgcc.a(_muldi3.o)
                0x06013320                __muldi3
 .text          0x060133f0       0x10 c:/saturn_sdk/compiler/sh_coff/sh-coff/bin/../lib/gcc/sh-coff/4.0-GNUSH_v0601\libgcc.a(_thenan_sf.o)
                0x060133f0                __thenan_sf
 .text          0x06013400       0xa0 c:/saturn_sdk/compiler/sh_coff/sh-coff/bin/../lib/gcc/sh-coff/4.0-GNUSH_v0601\libgcc.a(_fpcmp_parts_sf.o)
                0x06013400                __fpcmp_parts_f
 .text          0x060134a0       0x30 c:/saturn_sdk/compiler/sh_coff/sh-coff/bin/../lib/gcc/sh-coff/4.0-GNUSH_v0601\libgcc.a(_make_df.o)
                0x060134a0                __make_dp
 .text          0x060134d0      0x180 c:/saturn_sdk/compiler/sh_coff/sh-coff/bin/../lib/gcc/sh-coff/4.0-GNUSH_v0601\libgcc.a(_unpack_df.o)
                0x060134e0                __unpack_d
 .text          0x06013650       0x30 c:/saturn_sdk/compiler/sh_coff/sh-coff/bin/../lib/gcc/sh-coff/4.0-GNUSH_v0601\libgcc.a(_make_sf.o)
                0x06013650                __make_fp
 .text          0x06013680       0x20 c:/saturn_sdk/compiler/sh_coff/sh-coff/bin/../lib/gcc/sh-coff/4.0-GNUSH_v0601\libgcc.a(_thenan_df.o)
                0x06013680                __thenan_df
 .text          0x060136a0      0x5f0 c:/saturn_sdk/compiler/sh_coff/sh-coff/bin/../lib/gcc/sh-coff/4.0-GNUSH_v0601\libgcc.a(_pack_df.o)
                0x060136b0                __pack_d
 .text          0x06013c90       0x30 c:/saturn_sdk/compiler/sh_coff/sh-coff/bin/../lib/gcc/sh-coff/4.0-GNUSH_v0601\libgcc.a(_mulsi3.o)
                0x06013c90                __mulsi3
 .text          0x06013cc0       0x70 c:/saturn_sdk/compiler/sh_coff/sh-coff/bin/../lib/gcc/sh-coff/4.0-GNUSH_v0601/../../../../sh-coff/lib\libc.a(rand.o)
                0x06013ce4                rand
                0x06013cc0                srand
 .text          0x06013d30       0x50 c:/saturn_sdk/compiler/sh_coff/sh-coff/bin/../lib/gcc/sh-coff/4.0-GNUSH_v0601/../../../../sh-coff/lib\libc.a(time.o)
                0x06013d30                time
 .text          0x06013d80       0xb0 c:/saturn_sdk/compiler/sh_coff/sh-coff/bin/../lib/gcc/sh-coff/4.0-GNUSH_v0601/../../../../sh-coff/lib\libc.a(sprintf.o)
                0x06013dd0                sprintf
                0x06013d80                _sprintf_r
 .text          0x06013e30       0xa0 c:/saturn_sdk/compiler/sh_coff/sh-coff/bin/../lib/gcc/sh-coff/4.0-GNUSH_v0601/../../../../sh-coff/lib\libc.a(memcpy.o)
                0x06013e30                memcpy
 .text          0x06013ed0       0x80 c:/saturn_sdk/compiler/sh_coff/sh-coff/bin/../lib/gcc/sh-coff/4.0-GNUSH_v0601/../../../../sh-coff/lib\libc.a(memcmp.o)
                0x06013ed0                memcmp
 .text          0x06013f50      0x100 c:/saturn_sdk/compiler/sh_coff/sh-coff/bin/../lib/gcc/sh-coff/4.0-GNUSH_v0601/../../../../sh-coff/lib\libc.a(strncmp.o)
                0x06013f50                strncmp
 .text          0x06014050       0xd0 c:/saturn_sdk/compiler/sh_coff/sh-coff/bin/../lib/gcc/sh-coff/4.0-GNUSH_v0601/../../../../sh-coff/lib\libc.a(strncpy.o)
                0x06014050                strncpy
 .text          0x06014120       0x40 c:/saturn_sdk/compiler/sh_coff/sh-coff/bin/../lib/gcc/sh-coff/4.0-GNUSH_v0601/../../../../sh-coff/lib\libc.a(memset.o)
                0x06014120                memset
 .text          0x06014160       0x90 c:/saturn_sdk/compiler/sh_coff/sh-coff/bin/../lib/gcc/sh-coff/4.0-GNUSH_v0601/../../../../sh-coff/lib\libc.a(atexit.o)
                0x06014160                atexit
 .text          0x060141f0       0x10 c:/saturn_sdk/compiler/sh_coff/sh-coff/bin/../lib/gcc/sh-coff/4.0-GNUSH_v0601/../../../../sh-coff/lib\libc.a(impure.o)
                0x060141f0                _global_impure_ptr
 .text          0x06014200       0x60 c:/saturn_sdk/compiler/sh_coff/sh-coff/bin/../lib/gcc/sh-coff/4.0-GNUSH_v0601/../../../../sh-coff/lib\libc.a(timer.o)
                0x06014200                _times_r
                0x06014214                _gettimeofday_r
 .text          0x06014260     0x1d20 c:/saturn_sdk/compiler/sh_coff/sh-coff/bin/../lib/gcc/sh-coff/4.0-GNUSH_v0601/../../../../sh-coff/lib\libc.a(vfprintf.o)
                0x06014318                _vfprintf_r
                0x06015f58                vfprintf
 .text          0x06015f80       0x40 c:/saturn_sdk/compiler/sh_coff/sh-coff/bin/../lib/gcc/sh-coff/4.0-GNUSH_v0601/../../../../sh-coff/lib\libc.a(malloc.o)
                0x06015f9c                free
                0x06015f80                malloc
 .text          0x06015fc0      0x390 c:/saturn_sdk/compiler/sh_coff/sh-coff/bin/../lib/gcc/sh-coff/4.0-GNUSH_v0601/../../../../sh-coff/lib\libc.a(syscalls.o)
                0x06016130                _exit
                0x06016164                _getpid
                0x060161cc                _utime
                0x06015ff8                _write
                0x06015fc0                _read
                0x06016118                _unlink
                0x060160e0                _open
                0x0601617c                _stat
                0x06016124                isatty
                0x060161fc                _wait
                0x06016148                _kill
                0x06016198                _chmod
                0x0601622c                _execv
                0x06016210                _execve
                0x0601630c                __setup_argv_and_call_main
                0x06016264                _gettimeofday
                0x0601602c                _link
                0x06016170                _raise
                0x060160fc                _creat
                0x06016244                _pipe
                0x060161b0                _chown
                0x06015fdc                _lseek
                0x06016014                _close
                0x06016258                _times
                0x060160cc                _fstat
                0x060161e8                _fork
                0x06016054                _sbrk
 .text          0x06016350      0x300 c:/saturn_sdk/compiler/sh_coff/sh-coff/bin/../lib/gcc/sh-coff/4.0-GNUSH_v0601/../../../../sh-coff/lib\libc.a(fvwrite.o)
                0x06016350                __sfvwrite
 .text          0x06016650      0x100 c:/saturn_sdk/compiler/sh_coff/sh-coff/bin/../lib/gcc/sh-coff/4.0-GNUSH_v0601/../../../../sh-coff/lib\libc.a(locale.o)
                0x06016718                setlocale
                0x06016698                _setlocale_r
                0x060166f4                __locale_charset
                0x06016738                localeconv
                0x06016708                _localeconv_r
 .text          0x06016750      0x360 c:/saturn_sdk/compiler/sh_coff/sh-coff/bin/../lib/gcc/sh-coff/4.0-GNUSH_v0601/../../../../sh-coff/lib\libc.a(freer.o)
                0x06016750                _malloc_trim_r
                0x06016838                _free_r
 .text          0x06016ab0       0x20 c:/saturn_sdk/compiler/sh_coff/sh-coff/bin/../lib/gcc/sh-coff/4.0-GNUSH_v0601/../../../../sh-coff/lib\libc.a(strlen.o)
                0x06016ab0                strlen
 .text          0x06016ad0      0x270 c:/saturn_sdk/compiler/sh_coff/sh-coff/bin/../lib/gcc/sh-coff/4.0-GNUSH_v0601/../../../../sh-coff/lib\libc.a(findfp.o)
                0x06016be4                __sfp
                0x06016b6c                __sfp_lock_acquire
                0x06016d14                __fp_unlock_all
                0x06016bd8                __sfp_lock_release
                0x06016b78                __sinit
                0x06016cc4                _cleanup
                0x06016cf4                __fp_lock_all
                0x06016cac                _cleanup_r
                0x06016b14                __sfmoreglue
 .text          0x06016d40       0xd0 c:/saturn_sdk/compiler/sh_coff/sh-coff/bin/../lib/gcc/sh-coff/4.0-GNUSH_v0601/../../../../sh-coff/lib\libc.a(fflush.o)
                0x06016d40                fflush
 .text          0x06016e10       0xf0 c:/saturn_sdk/compiler/sh_coff/sh-coff/bin/../lib/gcc/sh-coff/4.0-GNUSH_v0601/../../../../sh-coff/lib\libc.a(wsetup.o)
                0x06016e10                __swsetup
 .text          0x06016f00       0x70 c:/saturn_sdk/compiler/sh_coff/sh-coff/bin/../lib/gcc/sh-coff/4.0-GNUSH_v0601/../../../../sh-coff/lib\libc.a(wcrtomb.o)
                0x06016f00                _wcrtomb_r
                0x06016f4c                wcrtomb
 .text          0x06016f70       0x40 c:/saturn_sdk/compiler/sh_coff/sh-coff/bin/../lib/gcc/sh-coff/4.0-GNUSH_v0601/../../../../sh-coff/lib\libc.a(s_isinf.o)
                0x06016f70                isinf
 .text          0x06016fb0       0xd0 c:/saturn_sdk/compiler/sh_coff/sh-coff/bin/../lib/gcc/sh-coff/4.0-GNUSH_v0601/../../../../sh-coff/lib\libc.a(memchr.o)
                0x06016fb0                memchr
 .text          0x06017080      0x6a0 c:/saturn_sdk/compiler/sh_coff/sh-coff/bin/../lib/gcc/sh-coff/4.0-GNUSH_v0601/../../../../sh-coff/lib\libc.a(mallocr.o)
                0x06017080                _malloc_r
 .text          0x06017720      0x130 c:/saturn_sdk/compiler/sh_coff/sh-coff/bin/../lib/gcc/sh-coff/4.0-GNUSH_v0601/../../../../sh-coff/lib\libc.a(wcsrtombs.o)
                0x06017720                _wcsrtombs_r
                0x06017814                wcsrtombs
 .text          0x06017850       0x40 c:/saturn_sdk/compiler/sh_coff/sh-coff/bin/../lib/gcc/sh-coff/4.0-GNUSH_v0601/../../../../sh-coff/lib\libc.a(s_isnan.o)
                0x06017850                isnan
 .text          0x06017890     0x1310 c:/saturn_sdk/compiler/sh_coff/sh-coff/bin/../lib/gcc/sh-coff/4.0-GNUSH_v0601/../../../../sh-coff/lib\libc.a(dtoa.o)
                0x06017a34                _dtoa_r
 .text          0x06018ba0       0x20 c:/saturn_sdk/compiler/sh_coff/sh-coff/bin/../lib/gcc/sh-coff/4.0-GNUSH_v0601/../../../../sh-coff/lib\libc.a(trap.o)
                0x06018ba0                __trap34
 .text          0x06018bc0       0x20 c:/saturn_sdk/compiler/sh_coff/sh-coff/bin/../lib/gcc/sh-coff/4.0-GNUSH_v0601/../../../../sh-coff/lib\libc.a(abort.o)
                0x06018bc0                abort
 .text          0x06018be0       0xe0 c:/saturn_sdk/compiler/sh_coff/sh-coff/bin/../lib/gcc/sh-coff/4.0-GNUSH_v0601/../../../../sh-coff/lib\libc.a(memmove.o)
                0x06018be0                memmove
 .text          0x06018cc0      0x450 c:/saturn_sdk/compiler/sh_coff/sh-coff/bin/../lib/gcc/sh-coff/4.0-GNUSH_v0601/../../../../sh-coff/lib\libc.a(reallocr.o)
                0x06018cc0                _realloc_r
 .text          0x06019110       0x30 c:/saturn_sdk/compiler/sh_coff/sh-coff/bin/../lib/gcc/sh-coff/4.0-GNUSH_v0601/../../../../sh-coff/lib\libc.a(strcmp.o)
                0x06019110                strcmp
 .text          0x06019140       0x20 c:/saturn_sdk/compiler/sh_coff/sh-coff/bin/../lib/gcc/sh-coff/4.0-GNUSH_v0601/../../../../sh-coff/lib\libc.a(mlock.o)
                0x06019140                __malloc_lock
                0x0601914c                __malloc_unlock
 .text          0x06019160       0x50 c:/saturn_sdk/compiler/sh_coff/sh-coff/bin/../lib/gcc/sh-coff/4.0-GNUSH_v0601/../../../../sh-coff/lib\libc.a(sbrkr.o)
                0x06019160                _sbrk_r
 .text          0x060191b0      0x170 c:/saturn_sdk/compiler/sh_coff/sh-coff/bin/../lib/gcc/sh-coff/4.0-GNUSH_v0601/../../../../sh-coff/lib\libc.a(stdio.o)
                0x06019208                __swrite
                0x060192f8                __sclose
                0x060191b0                __sread
                0x06019298                __sseek
 .text          0x06019320      0x130 c:/saturn_sdk/compiler/sh_coff/sh-coff/bin/../lib/gcc/sh-coff/4.0-GNUSH_v0601/../../../../sh-coff/lib\libc.a(fclose.o)
                0x06019320                _fclose_r
                0x0601942c                fclose
 .text          0x06019450      0x200 c:/saturn_sdk/compiler/sh_coff/sh-coff/bin/../lib/gcc/sh-coff/4.0-GNUSH_v0601/../../../../sh-coff/lib\libc.a(fwalk.o)
                0x060195c4                _fwalk_reent
                0x06019540                _fwalk
 .text          0x06019650      0x150 c:/saturn_sdk/compiler/sh_coff/sh-coff/bin/../lib/gcc/sh-coff/4.0-GNUSH_v0601/../../../../sh-coff/lib\libc.a(makebuf.o)
                0x06019650                __smakebuf
 .text          0x060197a0      0x2c0 c:/saturn_sdk/compiler/sh_coff/sh-coff/bin/../lib/gcc/sh-coff/4.0-GNUSH_v0601/../../../../sh-coff/lib\libc.a(wctomb_r.o)
                0x060197c0                _wctomb_r
 .text          0x06019a60      0xdc0 c:/saturn_sdk/compiler/sh_coff/sh-coff/bin/../lib/gcc/sh-coff/4.0-GNUSH_v0601/../../../../sh-coff/lib\libc.a(mprec.o)
                0x0601a2a0                __mcmp
                0x0601a724                _ratio
                0x06019efc                _i2b
                0x0601a49c                _b2d
                0x06019cf4                _s2b
                0x06019dcc                _hi0bits
                0x0601a0d0                _pow5mult
                0x0601a2e4                __mdiff
                0x0601a1a8                _lshift
                0x06019f20                _multiply
                0x0601a5f0                _d2b
                0x06019b78                _Balloc
                0x06019a60                __mprec_tinytens
                0x0601a7b8                _mprec_log10
                0x06019a88                __mprec_bigtens
                0x0601a404                _ulp
                0x06019c08                _Bfree
                0x06019ab0                __mprec_tens
                0x06019e34                _lo0bits
                0x06019c28                _multadd
 .text          0x0601a820      0x260 c:/saturn_sdk/compiler/sh_coff/sh-coff/bin/../lib/gcc/sh-coff/4.0-GNUSH_v0601/../../../../sh-coff/lib\libc.a(signal.o)
                0x0601a8dc                _raise_r
                0x0601aa60                __sigtramp
                0x0601aa0c                raise
                0x0601aa48                _init_signal
                0x0601a998                __sigtramp_r
                0x0601aa28                signal
                0x0601a86c                _signal_r
                0x0601a820                _init_signal_r
 .text          0x0601aa80       0x50 c:/saturn_sdk/compiler/sh_coff/sh-coff/bin/../lib/gcc/sh-coff/4.0-GNUSH_v0601/../../../../sh-coff/lib\libc.a(readr.o)
                0x0601aa80                _read_r
 .text          0x0601aad0       0x50 c:/saturn_sdk/compiler/sh_coff/sh-coff/bin/../lib/gcc/sh-coff/4.0-GNUSH_v0601/../../../../sh-coff/lib\libc.a(writer.o)
                0x0601aad0                _write_r
 .text          0x0601ab20       0x50 c:/saturn_sdk/compiler/sh_coff/sh-coff/bin/../lib/gcc/sh-coff/4.0-GNUSH_v0601/../../../../sh-coff/lib\libc.a(lseekr.o)
                0x0601ab20                _lseek_r
 .text          0x0601ab70       0x50 c:/saturn_sdk/compiler/sh_coff/sh-coff/bin/../lib/gcc/sh-coff/4.0-GNUSH_v0601/../../../../sh-coff/lib\libc.a(closer.o)
                0x0601ab70                _close_r
 .text          0x0601abc0       0x50 c:/saturn_sdk/compiler/sh_coff/sh-coff/bin/../lib/gcc/sh-coff/4.0-GNUSH_v0601/../../../../sh-coff/lib\libc.a(fstatr.o)
                0x0601abc0                _fstat_r
 .text          0x0601ac10       0xa0 c:/saturn_sdk/compiler/sh_coff/sh-coff/bin/../lib/gcc/sh-coff/4.0-GNUSH_v0601/../../../../sh-coff/lib\libc.a(callocr.o)
                0x0601ac10                _calloc_r
 .text          0x0601acb0       0x60 c:/saturn_sdk/compiler/sh_coff/sh-coff/bin/../lib/gcc/sh-coff/4.0-GNUSH_v0601/../../../../sh-coff/lib\libc.a(signalr.o)
                0x0601acf8                _getpid_r
                0x0601acb0                _kill_r
 .text          0x0601ad10       0x70 c:/saturn_sdk/compiler/sh_coff/sh-coff/bin/../lib/gcc/sh-coff/4.0-GNUSH_v0601\libgcc.a(_eq_df.o)
                0x0601ad10                __eqdf2
 .text          0x0601ad80       0x70 c:/saturn_sdk/compiler/sh_coff/sh-coff/bin/../lib/gcc/sh-coff/4.0-GNUSH_v0601\libgcc.a(_ne_df.o)
                0x0601ad80                __nedf2
 .text          0x0601adf0       0x70 c:/saturn_sdk/compiler/sh_coff/sh-coff/bin/../lib/gcc/sh-coff/4.0-GNUSH_v0601\libgcc.a(_lt_df.o)
                0x0601adf0                __ltdf2
 .text          0x0601ae60      0x610 c:/saturn_sdk/compiler/sh_coff/sh-coff/bin/../lib/gcc/sh-coff/4.0-GNUSH_v0601\libgcc.a(_udivdi3.o)
                0x0601ae60                __udivdi3
 .text          0x0601b470      0x600 c:/saturn_sdk/compiler/sh_coff/sh-coff/bin/../lib/gcc/sh-coff/4.0-GNUSH_v0601\libgcc.a(_umoddi3.o)
                0x0601b470                __umoddi3
 .text          0x0601ba70       0x70 c:/saturn_sdk/compiler/sh_coff/sh-coff/bin/../lib/gcc/sh-coff/4.0-GNUSH_v0601\libgcc.a(_gt_df.o)
                0x0601ba70                __gtdf2
 .text          0x0601bae0       0x70 c:/saturn_sdk/compiler/sh_coff/sh-coff/bin/../lib/gcc/sh-coff/4.0-GNUSH_v0601\libgcc.a(_ge_df.o)
                0x0601bae0                __gedf2
 .text          0x0601bb50       0xb0 c:/saturn_sdk/compiler/sh_coff/sh-coff/bin/../lib/gcc/sh-coff/4.0-GNUSH_v0601\libgcc.a(_fpcmp_parts_df.o)
                0x0601bb50                __fpcmp_parts_d
 .text          0x0601bc00      0x100 c:/saturn_sdk/compiler/sh_coff/sh-coff/bin/../lib/gcc/sh-coff/4.0-GNUSH_v0601\libgcc.a(_clz.o)
                0x0601bc00                __clz_tab
 *(.strings)
                0x0601bd00                __etext = .

.rodata
 *(.rodata)

SLPROG          0x0601bd00    0x10880
                0x0601bd00                __slprog_start = .
 *(SLPROG)
 SLPROG         0x0601bd00     0x6540 ../../Compiler/SGL_302j/LIB_COFF/SGLAREA.O
                0x0601bd1c                SpriteBuf
                0x0601bd40                RemainEvent
                0x0601bd0c                SortList
                0x0601bd0a                MaxPolygons
                0x0601bd28                CommandBuf
                0x0601bd3c                MaxWorks
                0x0601bd3e                WorkSize
                0x0601bd34                PCM_WkSize
                0x0601bd2c                CLOfstBuf
                0x0601be40                RemainWork
                0x0601bd30                PCM_Work
                0x0601bd00                MasterStack
                0x0601bd04                SlaveStack
                0x0601bd08                MaxVertices
                0x0601bd38                MaxEvents
                0x0601bd18                Zbuffer
                0x0601bd20                SpriteBufSize
                0x0601e240                WorkBuf
                0x0601bd14                TransList
                0x0601bd24                Pbuffer
                0x0601bd10                SortListSize
                0x0601bd3a                EventSize
                0x0601c240                EventBuf
 SLPROG         0x06022240       0xa8 ../../Compiler/SGL_302j/LIB_COFF/LIBSGL.A(sglH01.o)
                0x060222a0                slSetSoundOutput
                0x06022278                slSetSoundEffect
                0x0602226c                slGetSoundEffect
                0x06022294                slGetSoundOutput
                0x060222bc                slGetHelpWindow
                0x06022240                slGetLanguage
                0x0602224a                slSetLanguage
                0x060222c8                slSetHelpWindow
 *fill*         0x060222e8        0x8 00
 SLPROG         0x060222f0      0xfc8 ../../Compiler/SGL_302j/LIB_COFF/LIBSGL.A(sglH00.o)
                0x0602238c                slSetPortData1
                0x0602237c                slGetPortData1
                0x06022b6a                slSetPortMode1
                0x06022da4                Smpc_Status
                0x06022342                slSetPortDir2
                0x06022988                slSmpcCashSend
                0x060223a8                slGetPortSelect1
                0x0602278e                slIntBackCancel
                0x06022440                slSetPortExt1
                0x06022b50                slGetPortMode1
                0x06022a44                slSmpcCashBlow
                0x06022d34                slRequestCommand
                0x06022396                slSetPortData2
                0x06022dd4                SmpcStatusBuf
                0x060226f6                slSetResultBuffer
                0x0602242c                slGetPortExt1
                0x06022470                slSetPortExt2
                0x06022310                slGetPortDir2
                0x06022436                slGetPortExt2
                0x060227c2                slClearReset
                0x060227b8                slCheckReset
                0x06022318                slSetPortDir1
                0x060223f0                slSetPortSelect2
                0x060223bc                slSetPortSelect1
                0x06022b5c                slGetPortMode2
                0x060223b2                slGetPortSelect2
                0x06022308                slGetPortDir1
                0x06022384                slGetPortData2
                0x06022b2a                slSetOptimize
                0x06022b20                slGetOptimize
                0x060225e4                slSmpcDirectAccess
                0x06022db2                Per_Connect1
                0x06022664                slInitPeripheral
                0x06022782                slCheckIntBackSet
                0x06022db3                Per_Connect2
                0x06022dac                Smpc_Peripheral
                0x06022ba8                slSetPortMode2
                0x06022da8                Smpc_Result
 *fill*         0x060232b8        0x8 00
 SLPROG         0x060232c0       0x18 ../../Compiler/SGL_302j/LIB_COFF/LIBSGL.A(sglG01.o)
                0x060232c0                slSndVolume
 *fill*         0x060232d8        0x8 00
 SLPROG         0x060232e0      0x1d0 ../../Compiler/SGL_302j/LIB_COFF/LIBSGL.A(sglG00.o)
                0x060232e0                slInitSound
                0x060233fc                slSndFlush
                0x060233e4                slWaitSound
 SLPROG         0x060234b0       0x4c ../../Compiler/SGL_302j/LIB_COFF/LIBSGL.A(sglG19.o)
                0x060234b0                slCDDAOn
 *fill*         0x060234fc        0x4 00
 SLPROG         0x06023500       0x18 ../../Compiler/SGL_302j/LIB_COFF/LIBSGL.A(sglG25.o)
                0x06023500                slPCMStat
 *fill*         0x06023518        0x8 00
 SLPROG         0x06023520      0x1e0 ../../Compiler/SGL_302j/LIB_COFF/LIBSGL.A(sglG21.o)
                0x06023528                slPCMOn
                0x06023646                slSndPCMNum
 SLPROG         0x06023700       0x48 ../../Compiler/SGL_302j/LIB_COFF/LIBSGL.A(sglG22.o)
                0x06023700                slPCMOff
 *fill*         0x06023748        0x8 00
 SLPROG         0x06023750       0x84 ../../Compiler/SGL_302j/LIB_COFF/LIBSGL.A(sglD00.o)
                0x06023750                slDMACopy
                0x06023750                slCpuDMACopy
                0x060237aa                slCashPurge
                0x060237aa                CSH_AllClr
 *fill*         0x060237d4        0xc 00
 SLPROG         0x060237e0       0x18 ../../Compiler/SGL_302j/LIB_COFF/LIBSGL.A(sglA15.o)
                0x060237e0                slSlaveFunc
 *fill*         0x060237f8        0x8 00
 SLPROG         0x06023800      0x3a4 ../../Compiler/SGL_302j/LIB_COFF/LIBSGL.A(sglI01.o)
                0x060239ea                RetPCMBuf
                0x06023b24                Sound_Buf
                0x06023800                slInitSynch
                0x06023910                slRandom
                0x06023a84                PCM_Buf
                0x0602381a                slSynch
                0x0602392e                PCM_EndCheck
 *fill*         0x06023ba4        0xc 00
 SLPROG         0x06023bb0       0x4e ../../Compiler/SGL_302j/LIB_COFF/LIBSGL.A(sglF00.o)
                0x06023bca                slLocate
                0x06023bc0                slCurColor
                0x06023bfc                CurrentScreen
                0x06023bb0                slCurScrn
 *fill*         0x06023bfe        0x2 00
 SLPROG         0x06023c00       0x20 ../../Compiler/SGL_302j/LIB_COFF/LIBSGL.A(sglB001.o)
                0x06023c00                slTVOn
                0x06023c0a                slTVOff
 SLPROG         0x06023c20        0xc ../../Compiler/SGL_302j/LIB_COFF/LIBSGL.A(sglB063.o)
                0x06023c20                slPriority
 *fill*         0x06023c2c        0x4 00
 SLPROG         0x06023c30        0xc ../../Compiler/SGL_302j/LIB_COFF/LIBSGL.A(sglB016.o)
                0x06023c30                slBack1ColSet
 *fill*         0x06023c3c        0x4 00
 SLPROG         0x06023c40      0x114 ../../Compiler/SGL_302j/LIB_COFF/LIBSGL.A(sglB200.o)
                0x06023c4c                slCharNbg0
                0x06023c92                slPageRbg0
                0x06023ca8                slPageNbg1
                0x06023c58                slCharNbg1
                0x06023cc4                slPageNbg0
                0x06023cb0                slPageNbg2
                0x06023cb8                slPageNbg3
                0x06023c64                slCharNbg2
                0x06023c7a                slCharNbg3
                0x06023c40                slCharRbg0
 *fill*         0x06023d54        0xc 00
 SLPROG         0x06023d60        0xc ../../Compiler/SGL_302j/LIB_COFF/LIBSGL.A(sglB056.o)
                0x06023d60                slPlaneNbg1
 *fill*         0x06023d6c        0x4 00
 SLPROG         0x06023d70       0xb4 ../../Compiler/SGL_302j/LIB_COFF/LIBSGL.A(sglB032.o)
                0x06023d70                slMapNbg1
 *fill*         0x06023e24        0xc 00
 SLPROG         0x06023e30       0x24 ../../Compiler/SGL_302j/LIB_COFF/LIBSGL.A(sglB011.o)
                0x06023e30                slBitMapNbg1
 *fill*         0x06023e54        0xc 00
 SLPROG         0x06023e60        0xc ../../Compiler/SGL_302j/LIB_COFF/LIBSGL.A(sglB053.o)
                0x06023e60                slZoomNbg1
 *fill*         0x06023e6c        0x4 00
 SLPROG         0x06023e70      0x40c ../../Compiler/SGL_302j/LIB_COFF/LIBSGL.A(sglB015.o)
                0x06023e70                slScrAutoDisp
 *fill*         0x0602427c        0x4 00
 SLPROG         0x06024280       0x1c ../../Compiler/SGL_302j/LIB_COFF/LIBSGL.A(sglF05.o)
                0x06024280                slPrint
 *fill*         0x0602429c        0x4 00
 SLPROG         0x060242a0      0x162 ../../Compiler/SGL_302j/LIB_COFF/LIBSGL.A(sglC07.o)
                0x060242a6                slPutSprite
 *fill*         0x06024402        0xe 00
 SLPROG         0x06024410       0xfa ../../Compiler/SGL_302j/LIB_COFF/LIBSGL.A(sglC06.o)
                0x06024410                slDispSprite
 *fill*         0x0602450a        0x6 00
 SLPROG         0x06024510       0x84 ../../Compiler/SGL_302j/LIB_COFF/LIBSGL.A(sglD16.o)
                0x06024558                DMA_SCU_PRM0
                0x06024510                DMA_ScuSetPrm
 *fill*         0x06024594        0xc 00
 SLPROG         0x060245a0       0x88 ../../Compiler/SGL_302j/LIB_COFF/LIBSGL.A(sglD17.o)
                0x060245a0                DMA_ScuStart
 *fill*         0x06024628        0x8 00
 SLPROG         0x06024630       0x20 ../../Compiler/SGL_302j/LIB_COFF/LIBSGL.A(sglD15.o)
                0x06024630                CSH_Purge
 SLPROG         0x06024650       0x34 ../../Compiler/SGL_302j/LIB_COFF/LIBSGL.A(sglD18.o)
                0x06024650                DMA_ScuGetStatus
 *fill*         0x06024684        0xc 00
 SLPROG         0x06024690       0xa0 ../../Compiler/SGL_302j/LIB_COFF/LIBSGL.A(sglD01.o)
                0x06024690                slDMAXCopy
 SLPROG         0x06024730        0xc ../../Compiler/SGL_302j/LIB_COFF/LIBSGL.A(sglD03.o)
                0x06024730                slDMAStatus
 *fill*         0x0602473c        0x4 00
 SLPROG         0x06024740      0x470 ../../Compiler/SGL_302j/LIB_COFF/LIBSGL.A(sglH02.o)
                0x06024b30                smpc_pfr_tbl
                0x06024b70                smpc_ptf_tbl
 SLPROG         0x06024bb0       0x60 ../../Compiler/SGL_302j/LIB_COFF/LIBSGL.A(sglH04.o)
                0x06024bda                slComPrmSetTime
                0x06024bb0                slComPrmIntBack
                0x06024bc4                slComPrmSetMemory
 SLPROG         0x06024c10       0x10 ../../Compiler/SGL_302j/LIB_COFF/LIBSGL.A(sglD02.o)
                0x06024c10                slDMAWait
 SLPROG         0x06024c20       0x20 ../../Compiler/SGL_302j/LIB_COFF/LIBSGL.A(sglA00.o)
                0x06024c34                get_imask
                0x06024c20                set_imask
                0x06024c20                _builtin_set_imask
                0x06024c34                _builtin_get_imask
 SLPROG         0x06024c40       0x74 ../../Compiler/SGL_302j/LIB_COFF/LIBSGL.A(sglJ00.o)
                0x06024c40                InitSlaveSH
                0x06024ca8                SlaveCommand
 *fill*         0x06024cb4        0xc 00
 SLPROG         0x06024cc0      0x42c ../../Compiler/SGL_302j/LIB_COFF/LIBSGL.A(sglA20.o)
                0x06024cc0                slInitMatrix
                0x06024cde                slUnitMatrix
                0x06024cca                slPushUnitMatrix
 *fill*         0x060250ec        0x4 00
 SLPROG         0x060250f0      0xbd0 ../../Compiler/SGL_302j/LIB_COFF/LIBSGL.A(sglB000.o)
                0x060250f0                slInitScroll
                0x06025350                TVSizeTbl
                0x06025240                setASC_4to8
                0x060253d0                TVModeTbl
                0x06025210                setASC_1to8
                0x060255a8                SGL_ASCII_CG
 SLPROG         0x06025cc0      0x3d0 ../../Compiler/SGL_302j/LIB_COFF/LIBSGL.A(sglJ01.o)
                0x06025cc0                SlaveControl
                0x0602607c                ErasePolygonData
 SLPROG         0x06026090      0x75c ../../Compiler/SGL_302j/LIB_COFF/LIBSGL.A(sglI00.o)
                0x06026380                slInitInterrupt
 *fill*         0x060267ec        0x4 00
 SLPROG         0x060267f0      0x134 ../../Compiler/SGL_302j/LIB_COFF/LIBSGL.A(sglC00.o)
                0x060267f0                slInitSprite
 *fill*         0x06026924        0xc 00
 SLPROG         0x06026930       0xd4 ../../Compiler/SGL_302j/LIB_COFF/LIBSGL.A(sglB035.o)
                0x06026930                sl1MapRA
                0x060269c2                rbank_set
 *fill*         0x06026a04        0xc 00
 SLPROG         0x06026a10     0x411e ../../Compiler/SGL_302j/LIB_COFF/LIBSGL.A(sglA01.o)
                0x06026aec                sin_cos_index_tbl
                0x06026a10                slSin
                0x06026b2c                sin_tbl
                0x06026a58                GetSinCos
                0x06026a34                slCos
 *fill*         0x0602ab2e        0x2 00
 SLPROG         0x0602ab30       0x40 ../../Compiler/SGL_302j/LIB_COFF/LIBSGL.A(sglC20.o)
                0x0602ab30                SpriteEntry
 SLPROG         0x0602ab70      0x140 ../../Compiler/SGL_302j/LIB_COFF/LIBSGL.A(sglJ03.o)
                0x0602ab70                sbMakeDMATable
 SLPROG         0x0602acb0     0x12b8 ../../Compiler/SGL_302j/LIB_COFF/LIBSGL.A(sglJ02.o)
                0x0602bee4                stvtc_1
                0x0602bc1c                stvtc_4
                0x0602bbdc                SetPolygon
                0x0602bcd4                stvtc_3
                0x0602bf0c                stvtc_0
                0x0602bbe4                SetPosition
                0x0602ae98                sbCalcPolygon
                0x0602bbd0                SetTexture
                0x0602acb0                sbMakePolygon
                0x0602bef8                stvtc_2
 *fill*         0x0602bf68        0x8 00
 SLPROG         0x0602bf70      0x470 ../../Compiler/SGL_302j/LIB_COFF/LIBSGL.A(sglJ04.o)
                0x0602c034                sbMakeRotSprite
                0x0602bfce                sbMakeSprite
 SLPROG         0x0602c3e0       0x3c ../../Compiler/SGL_302j/LIB_COFF/LIBSGL.A(sglJ05.o)
                0x0602c3e0                sbSortEntry
 *fill*         0x0602c41c        0x4 00
 SLPROG         0x0602c420       0xf0 ../../Compiler/SGL_302j/LIB_COFF/LIBSGL.A(sglH03.o)
                0x0602c484                slSmpcIntBack
 SLPROG         0x0602c510       0x6a ../../Compiler/SGL_302j/LIB_COFF/LIBSGL.A(sglM01.o)
                0x0602c53c                slSetDepthTbl
                0x0602c56c                DepthWorkArea
                0x0602c510                slSetDepthLimit
                0x0602c57a                __slprog_end = .

.tors           0x0602c580        0x0
                0x0602c580                ___ctors = .
 *(.ctors)
                0x0602c580                ___ctors_end = .
                0x0602c580                ___dtors = .
 *(.dtors)
                0x0602c580                ___dtors_end = .

.data           0x0602c580     0x7670
 *(.data)
 .data          0x0602c580       0x10 asteroid.o
                0x0602c580                idx_std
 .data          0x0602c590     0x6830 ../../jo_engine/audio.o
                0x0602c590                sddrvstsk
 .data          0x06032dc0       0x10 ../../jo_engine/fs.o
 .data          0x06032dd0      0x5b0 ../../jo_engine/math.o
                0x06032dd0                JoCosLookupTable
 .data          0x06033380       0x30 ../../jo_engine/sprites.o
                0x06033390                __jo_sprite_attributes
                0x06033384                __jo_sprite_pos
                0x06033380                __jo_gouraud_shading_runtime_index
 .data          0x060333b0       0x10 ../../jo_engine/sprite_animator.o
 .data          0x060333c0       0x80 ../../Compiler/SGL_302j/LIB_COFF/LIBSGL.A(sglIc0.o)
                0x060333c0                IntPrioMask
 .data          0x06033440      0x380 c:/saturn_sdk/compiler/sh_coff/sh-coff/bin/../lib/gcc/sh-coff/4.0-GNUSH_v0601/../../../../sh-coff/lib\libc.a(impure.o)
                0x060337bc                _impure_ptr
 .data          0x060337c0       0x20 c:/saturn_sdk/compiler/sh_coff/sh-coff/bin/../lib/gcc/sh-coff/4.0-GNUSH_v0601/../../../../sh-coff/lib\libc.a(locale.o)
                0x060337cc                __mb_cur_max
                0x060337c0                __lc_ctype
 .data          0x060337e0      0x410 c:/saturn_sdk/compiler/sh_coff/sh-coff/bin/../lib/gcc/sh-coff/4.0-GNUSH_v0601/../../../../sh-coff/lib\libc.a(mallocr.o)
                0x060337e8                __malloc_av_
                0x060337e4                __malloc_trim_threshold
                0x060337e0                __malloc_sbrk_base
                0x06033bf0                __edata = .

.bss            0x06033bf0    0x83f64
                0x06033bf0                __bstart = .
 *(.bss)
 .bss           0x06033bf0       0x30 asteroid.o
                0x06033bf0                idx_in
 .bss           0x06033c20     0x2590 ../../jo_engine/fs.o
 .bss           0x060361b0       0x10 ../../jo_engine/mode7.o
 .bss           0x060361c0    0x80030 ../../jo_engine/core.o
                0x060361c0                __jo_slave_done_flag
 .bss           0x060b61f0       0x80 ../../jo_engine/malloc.o
 .bss           0x060b6270       0x10 ../../jo_engine/sprites.o
 .bss           0x060b6280       0x50 ../../jo_engine/map.o
 .bss           0x060b62d0       0x10 ../../jo_engine/sprite_animator.o
 .bss           0x060b62e0       0x10 ../../jo_engine/time.o
 .bss           0x060b62f0        0x4 ../../Compiler/SGL_302j/LIB_COFF/SEGA_SYS.A(sys_exit.o)
 *fill*         0x060b62f4        0xc 00
 .bss           0x060b6300        0x2 ../../Compiler/SGL_302j/LIB_COFF/LIBCD.A(CDC_REG.O)
 *fill*         0x060b6302        0xe 00
 .bss           0x060b6310        0xc ../../Compiler/SGL_302j/LIB_COFF/LIBCD.A(CDC_SUB.O)
 *fill*         0x060b631c        0x4 00
 .bss           0x060b6320        0xc ../../Compiler/SGL_302j/LIB_COFF/LIBCD.A(GFS_TRN.O)
 *fill*         0x060b632c        0x4 00
 .bss           0x060b6330       0x10 c:/saturn_sdk/compiler/sh_coff/sh-coff/bin/../lib/gcc/sh-coff/4.0-GNUSH_v0601\libgcc.a(__main.o)
 .bss           0x060b6340       0x10 c:/saturn_sdk/compiler/sh_coff/sh-coff/bin/../lib/gcc/sh-coff/4.0-GNUSH_v0601/../../../../sh-coff/lib\libc.a(atexit.o)
 .bss           0x060b6350       0x10 c:/saturn_sdk/compiler/sh_coff/sh-coff/bin/../lib/gcc/sh-coff/4.0-GNUSH_v0601/../../../../sh-coff/lib\libc.a(syscalls.o)
 .bss           0x060b6360       0x10 c:/saturn_sdk/compiler/sh_coff/sh-coff/bin/../lib/gcc/sh-coff/4.0-GNUSH_v0601/../../../../sh-coff/lib\libc.a(locale.o)
                0x060b6364                __mlocale_changed
                0x060b6360                _PathLocale
                0x060b6368                __nlocale_changed
 .bss           0x060b6370       0x40 c:/saturn_sdk/compiler/sh_coff/sh-coff/bin/../lib/gcc/sh-coff/4.0-GNUSH_v0601/../../../../sh-coff/lib\libc.a(mallocr.o)
                0x060b63a0                __malloc_top_pad
                0x060b6370                __malloc_current_mallinfo
                0x060b639c                __malloc_max_sbrked_mem
                0x060b6398                __malloc_max_total_mem
 *(COMMON)
 COMMON         0x060b63b0      0x214 asteroid.o
                0x060b63b0                FBullet
                0x060b63cc                Dificulty
                0x060b63d0                Fire
                0x060b63ec                Rand_Y
                0x060b63f0                Environment
                0x060b63fc                Rand_X
                0x060b6400                Run
                0x060b6410                Asteroid1
                0x060b642c                Energy
                0x060b6430                Bonus
                0x060b6434                Debug_Show
                0x060b6438                id_spr_bonus
                0x060b643c                Render_Xplot0
                0x060b6440                Render_Bullet_Timer
                0x060b6450                Player0
                0x060b646c                Enemy_Velocity
                0x060b6470                is_cd_playing
                0x060b6480                PowerShip
                0x060b64a0                str
                0x060b64f0                Render_Bullet
                0x060b64f4                Level_Score
                0x060b6500                Asteroid3
                0x060b6520                Asteroid5
                0x060b653c                id_spr_winner
                0x060b6540                Level
                0x060b6544                Score
                0x060b6548                Render_Xplot1
                0x060b654c                NextLevel
                0x060b6550                timer
                0x060b6578                game_status
                0x060b6580                Asteroid2
                0x060b659c                id_spr_splash
                0x060b65a0                Asteroid4
                0x060b65bc                Rand_Value
                0x060b65c0                id_spr_gameover
 *fill*         0x060b65c4        0xc 00
 COMMON         0x060b65d0        0x4 ../../jo_engine/fs.o
                0x060b65d0                __jo_fs_background_job_count
 *fill*         0x060b65d4        0xc 00
 COMMON         0x060b65e0       0x40 ../../jo_engine/core.o
                0x060b65e0                __jo_last_error
 COMMON         0x060b6620       0x40 ../../jo_engine/tools.o
                0x060b6620                __jo_sprintf_buf
 COMMON         0x060b6660     0x13f8 ../../jo_engine/sprites.o
                0x060b6660                __jo_sprite_def
                0x060b6e60                __jo_hash_table
                0x060b7260                __jo_sprite_pic
 *fill*         0x060b7a58        0x8 00
 COMMON         0x060b7a60       0xc0 ../../jo_engine/sprite_animator.o
                0x060b7a60                __jo_sprite_anim_tab
 COMMON         0x060b7b20        0xc ../../Compiler/SGL_302j/LIB_COFF/LIBCD.A(GFS.O)
                0x060b7b20                GFMC_base
                0x060b7b24                gfs_mng_ptr
                0x060b7b28                gfs_use_scudma
 *fill*         0x060b7b2c        0x4 00
 COMMON         0x060b7b30        0x8 ../../Compiler/SGL_302j/LIB_COFF/LIBCD.A(GFS_CDF.O)
                0x060b7b30                gfcf_fad
                0x060b7b34                gfcf_stat
 *fill*         0x060b7b38        0x8 00
 COMMON         0x060b7b40        0xc ../../Compiler/SGL_302j/LIB_COFF/LIBCD.A(GFS_CDC.O)
                0x060b7b40                gfcd_fatal_err
                0x060b7b44                gfcd_work
                0x060b7b48                gfcd_playflag
 *fill*         0x060b7b4c        0x4 00
 COMMON         0x060b7b50        0x4 c:/saturn_sdk/compiler/sh_coff/sh-coff/bin/../lib/gcc/sh-coff/4.0-GNUSH_v0601/../../../../sh-coff/lib\libc.a(syscalls.o)
                0x060b7b50                errno
                0x060b7b54                __bend = .
                0x060b7b54                _end = .
LOAD ../../Compiler/SGL_302j/LIB_COFF/SGLAREA.O
LOAD main.o
LOAD asteroid.o
LOAD ../../jo_engine/tga.o
LOAD ../../jo_engine/audio.o
LOAD ../../jo_engine/fs.o
LOAD ../../jo_engine/mode7.o
LOAD ../../jo_engine/font.o
LOAD ../../jo_engine/input.o
LOAD ../../jo_engine/physics.o
LOAD ../../jo_engine/core.o
LOAD ../../jo_engine/math.o
LOAD ../../jo_engine/malloc.o
LOAD ../../jo_engine/tools.o
LOAD ../../jo_engine/sprites.o
LOAD ../../jo_engine/map.o
LOAD ../../jo_engine/list.o
LOAD ../../jo_engine/sprite_animator.o
LOAD ../../jo_engine/image.o
LOAD ../../jo_engine/background.o
LOAD ../../jo_engine/time.o
LOAD ../../jo_engine/vdp1_command_pipeline.o
LOAD ../../Compiler/SGL_302j/LIB_COFF/SEGA_SYS.A
LOAD ../../Compiler/SGL_302j/LIB_COFF/LIBCD.A
LOAD ../../Compiler/SGL_302j/LIB_COFF/LIBSGL.A
LOAD c:/saturn_sdk/compiler/sh_coff/sh-coff/bin/../lib/gcc/sh-coff/4.0-GNUSH_v0601\libgcc.a
LOAD c:/saturn_sdk/compiler/sh_coff/sh-coff/bin/../lib/gcc/sh-coff/4.0-GNUSH_v0601/../../../../sh-coff/lib\libc.a
LOAD c:/saturn_sdk/compiler/sh_coff/sh-coff/bin/../lib/gcc/sh-coff/4.0-GNUSH_v0601\libgcc.a
OUTPUT(sl_coff.coff coff-sh)

.comment        0x060b7b60      0xa00
 .comment       0x060b7b60       0x20 c:/saturn_sdk/compiler/sh_coff/sh-coff/bin/../lib/gcc/sh-coff/4.0-GNUSH_v0601\libgcc.a(_si_to_sf.o)
 .comment       0x060b7b80       0x20 c:/saturn_sdk/compiler/sh_coff/sh-coff/bin/../lib/gcc/sh-coff/4.0-GNUSH_v0601\libgcc.a(_mul_sf.o)
 .comment       0x060b7ba0       0x20 c:/saturn_sdk/compiler/sh_coff/sh-coff/bin/../lib/gcc/sh-coff/4.0-GNUSH_v0601\libgcc.a(_sf_to_si.o)
 .comment       0x060b7bc0       0x20 c:/saturn_sdk/compiler/sh_coff/sh-coff/bin/../lib/gcc/sh-coff/4.0-GNUSH_v0601\libgcc.a(__main.o)
 .comment       0x060b7be0       0x20 c:/saturn_sdk/compiler/sh_coff/sh-coff/bin/../lib/gcc/sh-coff/4.0-GNUSH_v0601\libgcc.a(_le_sf.o)
 .comment       0x060b7c00       0x20 c:/saturn_sdk/compiler/sh_coff/sh-coff/bin/../lib/gcc/sh-coff/4.0-GNUSH_v0601\libgcc.a(_ge_sf.o)
 .comment       0x060b7c20       0x20 c:/saturn_sdk/compiler/sh_coff/sh-coff/bin/../lib/gcc/sh-coff/4.0-GNUSH_v0601\libgcc.a(_gt_sf.o)
 .comment       0x060b7c40       0x20 c:/saturn_sdk/compiler/sh_coff/sh-coff/bin/../lib/gcc/sh-coff/4.0-GNUSH_v0601\libgcc.a(_div_sf.o)
 .comment       0x060b7c60       0x20 c:/saturn_sdk/compiler/sh_coff/sh-coff/bin/../lib/gcc/sh-coff/4.0-GNUSH_v0601\libgcc.a(_lt_sf.o)
 .comment       0x060b7c80       0x20 c:/saturn_sdk/compiler/sh_coff/sh-coff/bin/../lib/gcc/sh-coff/4.0-GNUSH_v0601\libgcc.a(_addsub_sf.o)
 .comment       0x060b7ca0       0x20 c:/saturn_sdk/compiler/sh_coff/sh-coff/bin/../lib/gcc/sh-coff/4.0-GNUSH_v0601\libgcc.a(_sf_to_df.o)
 .comment       0x060b7cc0       0x20 c:/saturn_sdk/compiler/sh_coff/sh-coff/bin/../lib/gcc/sh-coff/4.0-GNUSH_v0601\libgcc.a(_df_to_sf.o)
 .comment       0x060b7ce0       0x20 c:/saturn_sdk/compiler/sh_coff/sh-coff/bin/../lib/gcc/sh-coff/4.0-GNUSH_v0601\libgcc.a(_addsub_df.o)
 .comment       0x060b7d00       0x20 c:/saturn_sdk/compiler/sh_coff/sh-coff/bin/../lib/gcc/sh-coff/4.0-GNUSH_v0601\libgcc.a(_si_to_df.o)
 .comment       0x060b7d20       0x20 c:/saturn_sdk/compiler/sh_coff/sh-coff/bin/../lib/gcc/sh-coff/4.0-GNUSH_v0601\libgcc.a(_mul_df.o)
 .comment       0x060b7d40       0x20 c:/saturn_sdk/compiler/sh_coff/sh-coff/bin/../lib/gcc/sh-coff/4.0-GNUSH_v0601\libgcc.a(_div_df.o)
 .comment       0x060b7d60       0x20 c:/saturn_sdk/compiler/sh_coff/sh-coff/bin/../lib/gcc/sh-coff/4.0-GNUSH_v0601\libgcc.a(_df_to_si.o)
 .comment       0x060b7d80       0x20 c:/saturn_sdk/compiler/sh_coff/sh-coff/bin/../lib/gcc/sh-coff/4.0-GNUSH_v0601\libgcc.a(_pack_sf.o)
 .comment       0x060b7da0       0x20 c:/saturn_sdk/compiler/sh_coff/sh-coff/bin/../lib/gcc/sh-coff/4.0-GNUSH_v0601\libgcc.a(_unpack_sf.o)
 .comment       0x060b7dc0       0x20 c:/saturn_sdk/compiler/sh_coff/sh-coff/bin/../lib/gcc/sh-coff/4.0-GNUSH_v0601\libgcc.a(_muldi3.o)
 .comment       0x060b7de0       0x20 c:/saturn_sdk/compiler/sh_coff/sh-coff/bin/../lib/gcc/sh-coff/4.0-GNUSH_v0601\libgcc.a(_thenan_sf.o)
 .comment       0x060b7e00       0x20 c:/saturn_sdk/compiler/sh_coff/sh-coff/bin/../lib/gcc/sh-coff/4.0-GNUSH_v0601\libgcc.a(_fpcmp_parts_sf.o)
 .comment       0x060b7e20       0x20 c:/saturn_sdk/compiler/sh_coff/sh-coff/bin/../lib/gcc/sh-coff/4.0-GNUSH_v0601\libgcc.a(_make_df.o)
 .comment       0x060b7e40       0x20 c:/saturn_sdk/compiler/sh_coff/sh-coff/bin/../lib/gcc/sh-coff/4.0-GNUSH_v0601\libgcc.a(_unpack_df.o)
 .comment       0x060b7e60       0x20 c:/saturn_sdk/compiler/sh_coff/sh-coff/bin/../lib/gcc/sh-coff/4.0-GNUSH_v0601\libgcc.a(_make_sf.o)
 .comment       0x060b7e80       0x20 c:/saturn_sdk/compiler/sh_coff/sh-coff/bin/../lib/gcc/sh-coff/4.0-GNUSH_v0601\libgcc.a(_thenan_df.o)
 .comment       0x060b7ea0       0x20 c:/saturn_sdk/compiler/sh_coff/sh-coff/bin/../lib/gcc/sh-coff/4.0-GNUSH_v0601\libgcc.a(_pack_df.o)
 .comment       0x060b7ec0       0x20 c:/saturn_sdk/compiler/sh_coff/sh-coff/bin/../lib/gcc/sh-coff/4.0-GNUSH_v0601/../../../../sh-coff/lib\libc.a(rand.o)
 .comment       0x060b7ee0       0x20 c:/saturn_sdk/compiler/sh_coff/sh-coff/bin/../lib/gcc/sh-coff/4.0-GNUSH_v0601/../../../../sh-coff/lib\libc.a(time.o)
 .comment       0x060b7f00       0x20 c:/saturn_sdk/compiler/sh_coff/sh-coff/bin/../lib/gcc/sh-coff/4.0-GNUSH_v0601/../../../../sh-coff/lib\libc.a(sprintf.o)
 .comment       0x060b7f20       0x20 c:/saturn_sdk/compiler/sh_coff/sh-coff/bin/../lib/gcc/sh-coff/4.0-GNUSH_v0601/../../../../sh-coff/lib\libc.a(memcmp.o)
 .comment       0x060b7f40       0x20 c:/saturn_sdk/compiler/sh_coff/sh-coff/bin/../lib/gcc/sh-coff/4.0-GNUSH_v0601/../../../../sh-coff/lib\libc.a(strncmp.o)
 .comment       0x060b7f60       0x20 c:/saturn_sdk/compiler/sh_coff/sh-coff/bin/../lib/gcc/sh-coff/4.0-GNUSH_v0601/../../../../sh-coff/lib\libc.a(strncpy.o)
 .comment       0x060b7f80       0x20 c:/saturn_sdk/compiler/sh_coff/sh-coff/bin/../lib/gcc/sh-coff/4.0-GNUSH_v0601/../../../../sh-coff/lib\libc.a(atexit.o)
 .comment       0x060b7fa0       0x20 c:/saturn_sdk/compiler/sh_coff/sh-coff/bin/../lib/gcc/sh-coff/4.0-GNUSH_v0601/../../../../sh-coff/lib\libc.a(impure.o)
 .comment       0x060b7fc0       0x20 c:/saturn_sdk/compiler/sh_coff/sh-coff/bin/../lib/gcc/sh-coff/4.0-GNUSH_v0601/../../../../sh-coff/lib\libc.a(timer.o)
 .comment       0x060b7fe0       0x20 c:/saturn_sdk/compiler/sh_coff/sh-coff/bin/../lib/gcc/sh-coff/4.0-GNUSH_v0601/../../../../sh-coff/lib\libc.a(vfprintf.o)
 .comment       0x060b8000       0x20 c:/saturn_sdk/compiler/sh_coff/sh-coff/bin/../lib/gcc/sh-coff/4.0-GNUSH_v0601/../../../../sh-coff/lib\libc.a(malloc.o)
 .comment       0x060b8020       0x20 c:/saturn_sdk/compiler/sh_coff/sh-coff/bin/../lib/gcc/sh-coff/4.0-GNUSH_v0601/../../../../sh-coff/lib\libc.a(syscalls.o)
 .comment       0x060b8040       0x20 c:/saturn_sdk/compiler/sh_coff/sh-coff/bin/../lib/gcc/sh-coff/4.0-GNUSH_v0601/../../../../sh-coff/lib\libc.a(fvwrite.o)
 .comment       0x060b8060       0x20 c:/saturn_sdk/compiler/sh_coff/sh-coff/bin/../lib/gcc/sh-coff/4.0-GNUSH_v0601/../../../../sh-coff/lib\libc.a(locale.o)
 .comment       0x060b8080       0x20 c:/saturn_sdk/compiler/sh_coff/sh-coff/bin/../lib/gcc/sh-coff/4.0-GNUSH_v0601/../../../../sh-coff/lib\libc.a(freer.o)
 .comment       0x060b80a0       0x20 c:/saturn_sdk/compiler/sh_coff/sh-coff/bin/../lib/gcc/sh-coff/4.0-GNUSH_v0601/../../../../sh-coff/lib\libc.a(findfp.o)
 .comment       0x060b80c0       0x20 c:/saturn_sdk/compiler/sh_coff/sh-coff/bin/../lib/gcc/sh-coff/4.0-GNUSH_v0601/../../../../sh-coff/lib\libc.a(fflush.o)
 .comment       0x060b80e0       0x20 c:/saturn_sdk/compiler/sh_coff/sh-coff/bin/../lib/gcc/sh-coff/4.0-GNUSH_v0601/../../../../sh-coff/lib\libc.a(wsetup.o)
 .comment       0x060b8100       0x20 c:/saturn_sdk/compiler/sh_coff/sh-coff/bin/../lib/gcc/sh-coff/4.0-GNUSH_v0601/../../../../sh-coff/lib\libc.a(wcrtomb.o)
 .comment       0x060b8120       0x20 c:/saturn_sdk/compiler/sh_coff/sh-coff/bin/../lib/gcc/sh-coff/4.0-GNUSH_v0601/../../../../sh-coff/lib\libc.a(s_isinf.o)
 .comment       0x060b8140       0x20 c:/saturn_sdk/compiler/sh_coff/sh-coff/bin/../lib/gcc/sh-coff/4.0-GNUSH_v0601/../../../../sh-coff/lib\libc.a(memchr.o)
 .comment       0x060b8160       0x20 c:/saturn_sdk/compiler/sh_coff/sh-coff/bin/../lib/gcc/sh-coff/4.0-GNUSH_v0601/../../../../sh-coff/lib\libc.a(mallocr.o)
 .comment       0x060b8180       0x20 c:/saturn_sdk/compiler/sh_coff/sh-coff/bin/../lib/gcc/sh-coff/4.0-GNUSH_v0601/../../../../sh-coff/lib\libc.a(wcsrtombs.o)
 .comment       0x060b81a0       0x20 c:/saturn_sdk/compiler/sh_coff/sh-coff/bin/../lib/gcc/sh-coff/4.0-GNUSH_v0601/../../../../sh-coff/lib\libc.a(s_isnan.o)
 .comment       0x060b81c0       0x20 c:/saturn_sdk/compiler/sh_coff/sh-coff/bin/../lib/gcc/sh-coff/4.0-GNUSH_v0601/../../../../sh-coff/lib\libc.a(dtoa.o)
 .comment       0x060b81e0       0x20 c:/saturn_sdk/compiler/sh_coff/sh-coff/bin/../lib/gcc/sh-coff/4.0-GNUSH_v0601/../../../../sh-coff/lib\libc.a(abort.o)
 .comment       0x060b8200       0x20 c:/saturn_sdk/compiler/sh_coff/sh-coff/bin/../lib/gcc/sh-coff/4.0-GNUSH_v0601/../../../../sh-coff/lib\libc.a(memmove.o)
 .comment       0x060b8220       0x20 c:/saturn_sdk/compiler/sh_coff/sh-coff/bin/../lib/gcc/sh-coff/4.0-GNUSH_v0601/../../../../sh-coff/lib\libc.a(reallocr.o)
 .comment       0x060b8240       0x20 c:/saturn_sdk/compiler/sh_coff/sh-coff/bin/../lib/gcc/sh-coff/4.0-GNUSH_v0601/../../../../sh-coff/lib\libc.a(mlock.o)
 .comment       0x060b8260       0x20 c:/saturn_sdk/compiler/sh_coff/sh-coff/bin/../lib/gcc/sh-coff/4.0-GNUSH_v0601/../../../../sh-coff/lib\libc.a(sbrkr.o)
 .comment       0x060b8280       0x20 c:/saturn_sdk/compiler/sh_coff/sh-coff/bin/../lib/gcc/sh-coff/4.0-GNUSH_v0601/../../../../sh-coff/lib\libc.a(stdio.o)
 .comment       0x060b82a0       0x20 c:/saturn_sdk/compiler/sh_coff/sh-coff/bin/../lib/gcc/sh-coff/4.0-GNUSH_v0601/../../../../sh-coff/lib\libc.a(fclose.o)
 .comment       0x060b82c0       0x20 c:/saturn_sdk/compiler/sh_coff/sh-coff/bin/../lib/gcc/sh-coff/4.0-GNUSH_v0601/../../../../sh-coff/lib\libc.a(fwalk.o)
 .comment       0x060b82e0       0x20 c:/saturn_sdk/compiler/sh_coff/sh-coff/bin/../lib/gcc/sh-coff/4.0-GNUSH_v0601/../../../../sh-coff/lib\libc.a(makebuf.o)
 .comment       0x060b8300       0x20 c:/saturn_sdk/compiler/sh_coff/sh-coff/bin/../lib/gcc/sh-coff/4.0-GNUSH_v0601/../../../../sh-coff/lib\libc.a(wctomb_r.o)
 .comment       0x060b8320       0x20 c:/saturn_sdk/compiler/sh_coff/sh-coff/bin/../lib/gcc/sh-coff/4.0-GNUSH_v0601/../../../../sh-coff/lib\libc.a(mprec.o)
 .comment       0x060b8340       0x20 c:/saturn_sdk/compiler/sh_coff/sh-coff/bin/../lib/gcc/sh-coff/4.0-GNUSH_v0601/../../../../sh-coff/lib\libc.a(signal.o)
 .comment       0x060b8360       0x20 c:/saturn_sdk/compiler/sh_coff/sh-coff/bin/../lib/gcc/sh-coff/4.0-GNUSH_v0601/../../../../sh-coff/lib\libc.a(readr.o)
 .comment       0x060b8380       0x20 c:/saturn_sdk/compiler/sh_coff/sh-coff/bin/../lib/gcc/sh-coff/4.0-GNUSH_v0601/../../../../sh-coff/lib\libc.a(writer.o)
 .comment       0x060b83a0       0x20 c:/saturn_sdk/compiler/sh_coff/sh-coff/bin/../lib/gcc/sh-coff/4.0-GNUSH_v0601/../../../../sh-coff/lib\libc.a(lseekr.o)
 .comment       0x060b83c0       0x20 c:/saturn_sdk/compiler/sh_coff/sh-coff/bin/../lib/gcc/sh-coff/4.0-GNUSH_v0601/../../../../sh-coff/lib\libc.a(closer.o)
 .comment       0x060b83e0       0x20 c:/saturn_sdk/compiler/sh_coff/sh-coff/bin/../lib/gcc/sh-coff/4.0-GNUSH_v0601/../../../../sh-coff/lib\libc.a(fstatr.o)
 .comment       0x060b8400       0x20 c:/saturn_sdk/compiler/sh_coff/sh-coff/bin/../lib/gcc/sh-coff/4.0-GNUSH_v0601/../../../../sh-coff/lib\libc.a(callocr.o)
 .comment       0x060b8420       0x20 c:/saturn_sdk/compiler/sh_coff/sh-coff/bin/../lib/gcc/sh-coff/4.0-GNUSH_v0601/../../../../sh-coff/lib\libc.a(signalr.o)
 .comment       0x060b8440       0x20 c:/saturn_sdk/compiler/sh_coff/sh-coff/bin/../lib/gcc/sh-coff/4.0-GNUSH_v0601\libgcc.a(_eq_df.o)
 .comment       0x060b8460       0x20 c:/saturn_sdk/compiler/sh_coff/sh-coff/bin/../lib/gcc/sh-coff/4.0-GNUSH_v0601\libgcc.a(_ne_df.o)
 .comment       0x060b8480       0x20 c:/saturn_sdk/compiler/sh_coff/sh-coff/bin/../lib/gcc/sh-coff/4.0-GNUSH_v0601\libgcc.a(_lt_df.o)
 .comment       0x060b84a0       0x20 c:/saturn_sdk/compiler/sh_coff/sh-coff/bin/../lib/gcc/sh-coff/4.0-GNUSH_v0601\libgcc.a(_udivdi3.o)
 .comment       0x060b84c0       0x20 c:/saturn_sdk/compiler/sh_coff/sh-coff/bin/../lib/gcc/sh-coff/4.0-GNUSH_v0601\libgcc.a(_umoddi3.o)
 .comment       0x060b84e0       0x20 c:/saturn_sdk/compiler/sh_coff/sh-coff/bin/../lib/gcc/sh-coff/4.0-GNUSH_v0601\libgcc.a(_gt_df.o)
 .comment       0x060b8500       0x20 c:/saturn_sdk/compiler/sh_coff/sh-coff/bin/../lib/gcc/sh-coff/4.0-GNUSH_v0601\libgcc.a(_ge_df.o)
 .comment       0x060b8520       0x20 c:/saturn_sdk/compiler/sh_coff/sh-coff/bin/../lib/gcc/sh-coff/4.0-GNUSH_v0601\libgcc.a(_fpcmp_parts_df.o)
 .comment       0x060b8540       0x20 c:/saturn_sdk/compiler/sh_coff/sh-coff/bin/../lib/gcc/sh-coff/4.0-GNUSH_v0601\libgcc.a(_clz.o)
